Component: ARM Compiler 5.05 update 1 (build 106) Tool: armlink [4d0efa]

==============================================================================

Section Cross References

    startup_stm32f10x_md.o(RESET) refers to startup_stm32f10x_md.o(STACK) for __initial_sp
    startup_stm32f10x_md.o(RESET) refers to startup_stm32f10x_md.o(.text) for Reset_Handler
    startup_stm32f10x_md.o(RESET) refers to stm32f10x_it.o(i.NMI_Handler) for NMI_Handler
    startup_stm32f10x_md.o(RESET) refers to stm32f10x_it.o(i.HardFault_Handler) for HardFault_Handler
    startup_stm32f10x_md.o(RESET) refers to stm32f10x_it.o(i.MemManage_Handler) for MemManage_Handler
    startup_stm32f10x_md.o(RESET) refers to stm32f10x_it.o(i.BusFault_Handler) for BusFault_Handler
    startup_stm32f10x_md.o(RESET) refers to stm32f10x_it.o(i.UsageFault_Handler) for UsageFault_Handler
    startup_stm32f10x_md.o(RESET) refers to stm32f10x_it.o(i.SVC_Handler) for SVC_Handler
    startup_stm32f10x_md.o(RESET) refers to stm32f10x_it.o(i.DebugMon_Handler) for DebugMon_Handler
    startup_stm32f10x_md.o(RESET) refers to stm32f10x_it.o(i.PendSV_Handler) for PendSV_Handler
    startup_stm32f10x_md.o(RESET) refers to stm32f10x_it.o(i.SysTick_Handler) for SysTick_Handler
    startup_stm32f10x_md.o(RESET) refers to usart.o(i.USART1_IRQHandler) for USART1_IRQHandler
    startup_stm32f10x_md.o(RESET) refers to esp8266.o(i.USART2_IRQHandler) for USART2_IRQHandler
    startup_stm32f10x_md.o(.text) refers to system_stm32f10x.o(i.SystemInit) for SystemInit
    startup_stm32f10x_md.o(.text) refers to entry.o(.ARM.Collect$$$$00000000) for __main
    system_stm32f10x.o(i.SetSysClock) refers to system_stm32f10x.o(i.SetSysClockTo72) for SetSysClockTo72
    system_stm32f10x.o(i.SystemCoreClockUpdate) refers to system_stm32f10x.o(.data) for SystemCoreClock
    system_stm32f10x.o(i.SystemInit) refers to system_stm32f10x.o(i.SetSysClock) for SetSysClock
    stm32f10x_adc.o(i.ADC_DeInit) refers to stm32f10x_rcc.o(i.RCC_APB2PeriphResetCmd) for RCC_APB2PeriphResetCmd
    stm32f10x_bkp.o(i.BKP_DeInit) refers to stm32f10x_rcc.o(i.RCC_BackupResetCmd) for RCC_BackupResetCmd
    stm32f10x_can.o(i.CAN_DeInit) refers to stm32f10x_rcc.o(i.RCC_APB1PeriphResetCmd) for RCC_APB1PeriphResetCmd
    stm32f10x_can.o(i.CAN_GetITStatus) refers to stm32f10x_can.o(i.CheckITStatus) for CheckITStatus
    stm32f10x_cec.o(i.CEC_DeInit) refers to stm32f10x_rcc.o(i.RCC_APB1PeriphResetCmd) for RCC_APB1PeriphResetCmd
    stm32f10x_dac.o(i.DAC_DeInit) refers to stm32f10x_rcc.o(i.RCC_APB1PeriphResetCmd) for RCC_APB1PeriphResetCmd
    stm32f10x_flash.o(i.FLASH_EnableWriteProtection) refers to stm32f10x_flash.o(i.FLASH_WaitForLastOperation) for FLASH_WaitForLastOperation
    stm32f10x_flash.o(i.FLASH_EraseAllBank1Pages) refers to stm32f10x_flash.o(i.FLASH_WaitForLastBank1Operation) for FLASH_WaitForLastBank1Operation
    stm32f10x_flash.o(i.FLASH_EraseAllPages) refers to stm32f10x_flash.o(i.FLASH_WaitForLastOperation) for FLASH_WaitForLastOperation
    stm32f10x_flash.o(i.FLASH_EraseOptionBytes) refers to stm32f10x_flash.o(i.FLASH_GetReadOutProtectionStatus) for FLASH_GetReadOutProtectionStatus
    stm32f10x_flash.o(i.FLASH_EraseOptionBytes) refers to stm32f10x_flash.o(i.FLASH_WaitForLastOperation) for FLASH_WaitForLastOperation
    stm32f10x_flash.o(i.FLASH_ErasePage) refers to stm32f10x_flash.o(i.FLASH_WaitForLastOperation) for FLASH_WaitForLastOperation
    stm32f10x_flash.o(i.FLASH_ProgramHalfWord) refers to stm32f10x_flash.o(i.FLASH_WaitForLastOperation) for FLASH_WaitForLastOperation
    stm32f10x_flash.o(i.FLASH_ProgramOptionByteData) refers to stm32f10x_flash.o(i.FLASH_WaitForLastOperation) for FLASH_WaitForLastOperation
    stm32f10x_flash.o(i.FLASH_ProgramWord) refers to stm32f10x_flash.o(i.FLASH_WaitForLastOperation) for FLASH_WaitForLastOperation
    stm32f10x_flash.o(i.FLASH_ReadOutProtection) refers to stm32f10x_flash.o(i.FLASH_WaitForLastOperation) for FLASH_WaitForLastOperation
    stm32f10x_flash.o(i.FLASH_UserOptionByteConfig) refers to stm32f10x_flash.o(i.FLASH_WaitForLastOperation) for FLASH_WaitForLastOperation
    stm32f10x_flash.o(i.FLASH_WaitForLastBank1Operation) refers to stm32f10x_flash.o(i.FLASH_GetBank1Status) for FLASH_GetBank1Status
    stm32f10x_flash.o(i.FLASH_WaitForLastOperation) refers to stm32f10x_flash.o(i.FLASH_GetBank1Status) for FLASH_GetBank1Status
    stm32f10x_gpio.o(i.GPIO_AFIODeInit) refers to stm32f10x_rcc.o(i.RCC_APB2PeriphResetCmd) for RCC_APB2PeriphResetCmd
    stm32f10x_gpio.o(i.GPIO_DeInit) refers to stm32f10x_rcc.o(i.RCC_APB2PeriphResetCmd) for RCC_APB2PeriphResetCmd
    stm32f10x_i2c.o(i.I2C_DeInit) refers to stm32f10x_rcc.o(i.RCC_APB1PeriphResetCmd) for RCC_APB1PeriphResetCmd
    stm32f10x_i2c.o(i.I2C_Init) refers to stm32f10x_rcc.o(i.RCC_GetClocksFreq) for RCC_GetClocksFreq
    stm32f10x_pwr.o(i.PWR_DeInit) refers to stm32f10x_rcc.o(i.RCC_APB1PeriphResetCmd) for RCC_APB1PeriphResetCmd
[...]
    ../clib/microlib/init/entry.s            0x00000000   Number         0  entry7b.o ABSOLUTE
    ../clib/microlib/longlong.c              0x00000000   Number         0  llsshr.o ABSOLUTE
    ../clib/microlib/longlong.c              0x00000000   Number         0  llshl.o ABSOLUTE
    ../clib/microlib/longlong.c              0x00000000   Number         0  llushr.o ABSOLUTE
    ../clib/microlib/malloc/malloc.c         0x00000000   Number         0  mallocr.o ABSOLUTE
    ../clib/microlib/malloc/malloc.c         0x00000000   Number         0  malloca.o ABSOLUTE
    ../clib/microlib/malloc/malloc.c         0x00000000   Number         0  malloc.o ABSOLUTE
    ../clib/microlib/malloc/malloc.c         0x00000000   Number         0  mallocra.o ABSOLUTE
    ../clib/microlib/malloc/mvars.c          0x00000000   Number         0  mvars.o ABSOLUTE
    ../clib/microlib/printf/printf.c         0x00000000   Number         0  printf2.o ABSOLUTE
    ../clib/microlib/printf/printf.c         0x00000000   Number         0  printf5.o ABSOLUTE
    ../clib/microlib/printf/printf.c         0x00000000   Number         0  printf4.o ABSOLUTE
    ../clib/microlib/printf/printf.c         0x00000000   Number         0  printf6.o ABSOLUTE
    ../clib/microlib/printf/printf.c         0x00000000   Number         0  printf7.o ABSOLUTE
    ../clib/microlib/printf/printf.c         0x00000000   Number         0  printf8.o ABSOLUTE
    ../clib/microlib/printf/printf.c         0x00000000   Number         0  printfa.o ABSOLUTE
    ../clib/microlib/printf/printf.c         0x00000000   Number         0  printf3.o ABSOLUTE
    ../clib/microlib/printf/printf.c         0x00000000   Number         0  printfb.o ABSOLUTE
    ../clib/microlib/printf/printf.c         0x00000000   Number         0  printf0.o ABSOLUTE
    ../clib/microlib/printf/printf.c         0x00000000   Number         0  printf1.o ABSOLUTE
    ../clib/microlib/printf/stubs.s          0x00000000   Number         0  stubs.o ABSOLUTE
    ../clib/microlib/stdio/fputc.c           0x00000000   Number         0  fputc.o ABSOLUTE
    ../clib/microlib/stdio/semi.s            0x00000000   Number         0  semi.o ABSOLUTE
    ../clib/microlib/stdio/streams.c         0x00000000   Number         0  stdout.o ABSOLUTE
    ../clib/microlib/string/memcpy.c         0x00000000   Number         0  memcpyb.o ABSOLUTE
    ../clib/microlib/string/memcpy.c         0x00000000   Number         0  memcpya.o ABSOLUTE
    ../clib/microlib/string/memset.c         0x00000000   Number         0  memseta.o ABSOLUTE
    ../clib/microlib/string/strchr.c         0x00000000   Number         0  strchr.o ABSOLUTE
    ../clib/microlib/string/strcpy.c         0x00000000   Number         0  strcpy.o ABSOLUTE
    ../clib/microlib/string/strlen.c         0x00000000   Number         0  strlen.o ABSOLUTE
    ../clib/microlib/string/strncat.c        0x00000000   Number         0  strncat.o ABSOLUTE
    ../clib/microlib/string/strncmp.c        0x00000000   Number         0  strncmp.o ABSOLUTE
    ../clib/microlib/string/strstr.c         0x00000000   Number         0  strstr.o ABSOLUTE
    ../clib/microlib/stubs.s                 0x00000000   Number         0  iusesemip.o ABSOLUTE
    ../clib/microlib/stubs.s                 0x00000000   Number         0  iusefp.o ABSOLUTE
    ../clib/scanf.c                          0x00000000   Number         0  _strtoul.o ABSOLUTE
    ../clib/scanf.c                          0x00000000   Number         0  _chval.o ABSOLUTE
    ../clib/scanf.c                          0x00000000   Number         0  strtol.o ABSOLUTE
    ../clib/scanf.c                          0x00000000   Number         0  atoi.o ABSOLUTE
    ../fplib/microlib/f2d.c                  0x00000000   Number         0  f2d.o ABSOLUTE
    ../fplib/microlib/fpadd.c                0x00000000   Number         0  dadd.o ABSOLUTE
    ../fplib/microlib/fpdiv.c                0x00000000   Number         0  ddiv.o ABSOLUTE
    ../fplib/microlib/fpepilogue.c           0x00000000   Number         0  depilogue.o ABSOLUTE
    ../fplib/microlib/fpfix.c                0x00000000   Number         0  dfixi.o ABSOLUTE
    ../fplib/microlib/fpfix.c                0x00000000   Number         0  dfixul.o ABSOLUTE
    ../fplib/microlib/fpflt.c                0x00000000   Number         0  dfltui.o ABSOLUTE
    ../fplib/microlib/fpflt.c                0x00000000   Number         0  dflti.o ABSOLUTE
    ../fplib/microlib/fpmul.c                0x00000000   Number         0  dmul.o ABSOLUTE
    ../fplib/microlib/fpscalb.c              0x00000000   Number         0  dscalb.o ABSOLUTE
    ../fplib/microlib/fpsqrt.c               0x00000000   Number         0  dsqrt.o ABSOLUTE
    ../mathlib/dunder.c                      0x00000000   Number         0  dunder.o ABSOLUTE
    ../mathlib/floor.c                       0x00000000   Number         0  floor.o ABSOLUTE
    ../mathlib/fpclassify.c                  0x00000000   Number         0  fpclassify.o ABSOLUTE
    ../mathlib/poly.c                        0x00000000   Number         0  poly.o ABSOLUTE
    ../mathlib/pow.c                         0x00000000   Number         0  pow.o ABSOLUTE
    ../mathlib/pow.c                         0x00000000   Number         0  pow_x.o ABSOLUTE
    ../mathlib/qnan.c                        0x00000000   Number         0  qnan.o ABSOLUTE
    ../mathlib/sqrt.c                        0x00000000   Number         0  sqrt.o ABSOLUTE
    ../mathlib/sqrt.c                        0x00000000   Number         0  sqrt_x.o ABSOLUTE
    Hardware\AD.c                            0x00000000   Number         0  ad.o ABSOLUTE
    Hardware\Key.c                           0x00000000   Number         0  key.o ABSOLUTE
    Hardware\LED.c                           0x00000000   Number         0  led.o ABSOLUTE
    Hardware\OLED.c                          0x00000000   Number         0  oled.o ABSOLUTE
    Hardware\beep.c                          0x00000000   Number         0  beep.o ABSOLUTE
    Hardware\dht11.c                         0x00000000   Number         0  dht11.o ABSOLUTE
    Hardware\usart.c                         0x00000000   Number         0  usart.o ABSOLUTE
    Library\misc.c                           0x00000000   Number         0  misc.o ABSOLUTE
    Library\stm32f10x_adc.c                  0x00000000   Number         0  stm32f10x_adc.o ABSOLUTE
    Library\stm32f10x_bkp.c                  0x00000000   Number         0  stm32f10x_bkp.o ABSOLUTE
    Library\stm32f10x_can.c                  0x00000000   Number         0  stm32f10x_can.o ABSOLUTE
    Library\stm32f10x_cec.c                  0x00000000   Number         0  stm32f10x_cec.o ABSOLUTE
    Library\stm32f10x_crc.c                  0x00000000   Number         0  stm32f10x_crc.o ABSOLUTE
    Library\stm32f10x_dac.c                  0x00000000   Number         0  stm32f10x_dac.o ABSOLUTE
    Library\stm32f10x_dbgmcu.c               0x00000000   Number         0  stm32f10x_dbgmcu.o ABSOLUTE
    Library\stm32f10x_dma.c                  0x00000000   Number         0  stm32f10x_dma.o ABSOLUTE
    Library\stm32f10x_exti.c                 0x00000000   Number         0  stm32f10x_exti.o ABSOLUTE
    Library\stm32f10x_flash.c                0x00000000   Number         0  stm32f10x_flash.o ABSOLUTE
    Library\stm32f10x_fsmc.c                 0x00000000   Number         0  stm32f10x_fsmc.o ABSOLUTE
    Library\stm32f10x_gpio.c                 0x00000000   Number         0  stm32f10x_gpio.o ABSOLUTE
    Library\stm32f10x_i2c.c                  0x00000000   Number         0  stm32f10x_i2c.o ABSOLUTE
    Library\stm32f10x_iwdg.c                 0x00000000   Number         0  stm32f10x_iwdg.o ABSOLUTE
    Library\stm32f10x_pwr.c                  0x00000000   Number         0  stm32f10x_pwr.o ABSOLUTE
    Library\stm32f10x_rcc.c                  0x00000000   Number         0  stm32f10x_rcc.o ABSOLUTE
    Library\stm32f10x_rtc.c                  0x00000000   Number         0  stm32f10x_rtc.o ABSOLUTE
    Library\stm32f10x_sdio.c                 0x00000000   Number         0  stm32f10x_sdio.o ABSOLUTE
    Library\stm32f10x_spi.c                  0x00000000   Number         0  stm32f10x_spi.o ABSOLUTE
    Library\stm32f10x_tim.c                  0x00000000   Number         0  stm32f10x_tim.o ABSOLUTE
    Library\stm32f10x_usart.c                0x00000000   Number         0  stm32f10x_usart.o ABSOLUTE
    Library\stm32f10x_wwdg.c                 0x00000000   Number         0  stm32f10x_wwdg.o ABSOLUTE
    NET\cJSON\cJSON.c                        0x00000000   Number         0  cjson.o ABSOLUTE
    NET\device\esp8266.c                     0x00000000   Number         0  esp8266.o ABSOLUTE
    NET\mqtt\MqttKit.c                       0x00000000   Number         0  mqttkit.o ABSOLUTE
    NET\onenet\onenet.c                      0x00000000   Number         0  onenet.o ABSOLUTE
    Start\\core_cm3.c                        0x00000000   Number         0  core_cm3.o ABSOLUTE
    Start\core_cm3.c                         0x00000000   Number         0  core_cm3.o ABSOLUTE
    Start\startup_stm32f10x_md.s             0x00000000   Number         0  startup_stm32f10x_md.o ABSOLUTE
    Start\system_stm32f10x.c                 0x00000000   Number         0  system_stm32f10x.o ABSOLUTE
    System\Delay.c                           0x00000000   Number         0  delay.o ABSOLUTE
    System\\sys.c                            0x00000000   Number         0  sys.o ABSOLUTE
    System\sys.c                             0x00000000   Number         0  sys.o ABSOLUTE
    User\main.c                              0x00000000   Number         0  main.o ABSOLUTE
    User\stm32f10x_it.c                      0x00000000   Number         0  stm32f10x_it.o ABSOLUTE
    cdcmple.s                                0x00000000   Number         0  cdcmple.o ABSOLUTE
    cdrcmple.s                               0x00000000   Number         0  cdrcmple.o ABSOLUTE
    dc.s                                     0x00000000   Number         0  dc.o ABSOLUTE
    handlers.s                               0x00000000   Number         0  handlers.o ABSOLUTE
    init.s                                   0x00000000   Number         0  init.o ABSOLUTE
    RESET                                    0x08000000   Section      236  startup_stm32f10x_md.o(RESET)
    .ARM.Collect$$$$00000000                 0x080000ec   Section        0  entry.o(.ARM.Collect$$$$00000000)
    .ARM.Collect$$$$00000001                 0x080000ec   Section        4  entry2.o(.ARM.Collect$$$$00000001)
    .ARM.Collect$$$$00000004                 0x080000f0   Section        4  entry5.o(.ARM.Collect$$$$00000004)
    .ARM.Collect$$$$00000008                 0x080000f4   Section        0  entry7b.o(.ARM.Collect$$$$00000008)
    .ARM.Collect$$$$0000000A                 0x080000f4   Section        0  entry8b.o(.ARM.Collect$$$$0000000A)
    .ARM.Collect$$$$0000000B                 0x080000f4   Section        8  entry9a.o(.ARM.Collect$$$$0000000B)
    .ARM.Collect$$$$0000000D                 0x080000fc   Section        0  entry10a.o(.ARM.Collect$$$$0000000D)
    .ARM.Collect$$$$0000000F                 0x080000fc   Section        0  entry11a.o(.ARM.Collect$$$$0000000F)
    .ARM.Collect$$$$00002712                 0x080000fc   Section        4  entry2.o(.ARM.Collect$$$$00002712)
    __lit__00000000                          0x080000fc   Data           4  entry2.o(.ARM.Collect$$$$00002712)
    .text                                    0x08000100   Section       36  startup_stm32f10x_md.o(.text)
    .text                                    0x08000124   Section        0  tolower.o(.text)
    .text                                    0x08000130   Section        0  memcpya.o(.text)
    .text                                    0x08000154   Section        0  memseta.o(.text)
    .text                                    0x08000178   Section        0  strstr.o(.text)
    .text                                    0x0800019c   Section        0  strchr.o(.text)
    .text                                    0x080001b0   Section        0  strlen.o(.text)
    .text                                    0x080001be   Section        0  strncat.o(.text)
    .text                                    0x080001e6   Section        0  strncmp.o(.text)
    .text                                    0x08000204   Section        0  atoi.o(.text)
    .text                                    0x0800021e   Section        0  dadd.o(.text)
    .text                                    0x0800036c   Section        0  dmul.o(.text)
    .text                                    0x08000450   Section        0  ddiv.o(.text)
    .text                                    0x0800052e   Section        0  dflti.o(.text)
    .text                                    0x08000550   Section        0  dfltui.o(.text)
    .text                                    0x0800056a   Section        0  dfixi.o(.text)
    .text                                    0x080005a8   Section       48  cdcmple.o(.text)
    .text                                    0x080005d8   Section       48  cdrcmple.o(.text)
    .text                                    0x08000608   Section        0  uidiv.o(.text)
    .text                                    0x08000634   Section        0  uldiv.o(.text)
    .text                                    0x08000696   Section        0  llshl.o(.text)
    .text                                    0x080006b4   Section        0  llushr.o(.text)
    .text                                    0x080006d4   Section        0  llsshr.o(.text)
    .text                                    0x080006f8   Section        0  strtol.o(.text)
    .text                                    0x08000768   Section        0  iusefp.o(.text)
    .text                                    0x08000768   Section        0  depilogue.o(.text)
    .text                                    0x08000822   Section        0  dscalb.o(.text)
    .text                                    0x08000850   Section        0  dfixul.o(.text)
    .text                                    0x08000880   Section       36  init.o(.text)
    .text                                    0x080008a4   Section        0  ctype_o.o(.text)
    .text                                    0x080008ac   Section        0  _strtoul.o(.text)
    .text                                    0x0800094a   Section        0  dsqrt.o(.text)
    .text                                    0x080009ec   Section        0  _chval.o(.text)
    i.ADC_Cmd                                0x08000a08   Section        0  stm32f10x_adc.o(i.ADC_Cmd)
    i.ADC_GetCalibrationStatus               0x08000a1e   Section        0  stm32f10x_adc.o(i.ADC_GetCalibrationStatus)
    i.ADC_GetConversionValue                 0x08000a32   Section        0  stm32f10x_adc.o(i.ADC_GetConversionValue)
    i.ADC_GetFlagStatus                      0x08000a3a   Section        0  stm32f10x_adc.o(i.ADC_GetFlagStatus)
    i.ADC_GetResetCalibrationStatus          0x08000a4c   Section        0  stm32f10x_adc.o(i.ADC_GetResetCalibrationStatus)
    i.ADC_Init                               0x08000a60   Section        0  stm32f10x_adc.o(i.ADC_Init)
    i.ADC_RegularChannelConfig               0x08000ab0   Section        0  stm32f10x_adc.o(i.ADC_RegularChannelConfig)
    i.ADC_ResetCalibration                   0x08000b68   Section        0  stm32f10x_adc.o(i.ADC_ResetCalibration)
    i.ADC_SoftwareStartConvCmd               0x08000b72   Section        0  stm32f10x_adc.o(i.ADC_SoftwareStartConvCmd)
    i.ADC_StartCalibration                   0x08000b88   Section        0  stm32f10x_adc.o(i.ADC_StartCalibration)
    i.AD_GetValue                            0x08000b94   Section        0  ad.o(i.AD_GetValue)
    i.AD_Init                                0x08000bb8   Section        0  ad.o(i.AD_Init)
    i.Beep_Init                              0x08000c58   Section        0  beep.o(i.Beep_Init)
    i.Beep_OFF                               0x08000c8c   Section        0  beep.o(i.Beep_OFF)
    i.Beep_ON                                0x08000ca0   Section        0  beep.o(i.Beep_ON)
    i.Beep_Turn                              0x08000cb4   Section        0  beep.o(i.Beep_Turn)
    i.BusFault_Handler                       0x08000ce0   Section        0  stm32f10x_it.o(i.BusFault_Handler)
    i.DHT11_Check                            0x08000ce4   Section        0  dht11.o(i.DHT11_Check)
    i.DHT11_Read_Bit                         0x08000d48   Section        0  dht11.o(i.DHT11_Read_Bit)
    i.DHT11_Read_Byte                        0x08000d94   Section        0  dht11.o(i.DHT11_Read_Byte)
    i.DHT11_Read_Data                        0x08000db2   Section        0  dht11.o(i.DHT11_Read_Data)
    i.DHT11_Rst                              0x08000e0c   Section        0  dht11.o(i.DHT11_Rst)
    i.DebugMon_Handler                       0x08000e4c   Section        0  stm32f10x_it.o(i.DebugMon_Handler)
    i.Delay_ms                               0x08000e4e   Section        0  delay.o(i.Delay_ms)
    i.Delay_us                               0x08000e66   Section        0  delay.o(i.Delay_us)
    i.ESP8266_Clear                          0x08000e94   Section        0  esp8266.o(i.ESP8266_Clear)
    i.ESP8266_GetIPD                         0x08000eb0   Section        0  esp8266.o(i.ESP8266_GetIPD)
    i.ESP8266_Init                           0x08000f00   Section        0  esp8266.o(i.ESP8266_Init)
    i.ESP8266_SendCmd                        0x08001104   Section        0  esp8266.o(i.ESP8266_SendCmd)
    i.ESP8266_SendData                       0x08001158   Section        0  esp8266.o(i.ESP8266_SendData)
    i.ESP8266_WaitRecive                     0x080011a0   Section        0  esp8266.o(i.ESP8266_WaitRecive)
    i.GPIO_Init                              0x080011d4   Section        0  stm32f10x_gpio.o(i.GPIO_Init)
    i.GPIO_ReadInputDataBit                  0x080012ea   Section        0  stm32f10x_gpio.o(i.GPIO_ReadInputDataBit)
    i.GPIO_ReadOutputDataBit                 0x080012fc   Section        0  stm32f10x_gpio.o(i.GPIO_ReadOutputDataBit)
    i.GPIO_ResetBits                         0x0800130e   Section        0  stm32f10x_gpio.o(i.GPIO_ResetBits)
    i.GPIO_SetBits                           0x08001312   Section        0  stm32f10x_gpio.o(i.GPIO_SetBits)
    i.GPIO_WriteBit                          0x08001316   Section        0  stm32f10x_gpio.o(i.GPIO_WriteBit)
    i.HardFault_Handler                      0x08001320   Section        0  stm32f10x_it.o(i.HardFault_Handler)
    i.Hardware_Init                          0x08001324   Section        0  main.o(i.Hardware_Init)
    i.Key_GetNum                             0x0800136c   Section        0  key.o(i.Key_GetNum)
    i.Key_Init                               0x080013a4   Section        0  key.o(i.Key_Init)
    i.LED1_OFF                               0x080013d0   Section        0  led.o(i.LED1_OFF)
    i.LED1_ON                                0x080013e4   Section        0  led.o(i.LED1_ON)
    i.LED1_Turn                              0x080013f8   Section        0  led.o(i.LED1_Turn)
    i.LED_Init                               0x08001424   Section        0  led.o(i.LED_Init)
    i.MQTT_DeleteBuffer                      0x08001458   Section        0  mqttkit.o(i.MQTT_DeleteBuffer)
    i.MQTT_DumpLength                        0x08001474   Section        0  mqttkit.o(i.MQTT_DumpLength)
    i.MQTT_NewBuffer                         0x080014a2   Section        0  mqttkit.o(i.MQTT_NewBuffer)
    i.MQTT_PacketConnect                     0x080014fc   Section        0  mqttkit.o(i.MQTT_PacketConnect)
    i.MQTT_PacketPublish                     0x0800179c   Section        0  mqttkit.o(i.MQTT_PacketPublish)
    i.MQTT_PacketPublishComp                 0x08001954   Section        0  mqttkit.o(i.MQTT_PacketPublishComp)
    i.MQTT_PacketPublishRel                  0x0800199c   Section        0  mqttkit.o(i.MQTT_PacketPublishRel)
    i.MQTT_PacketSubscribe                   0x080019e4   Section        0  mqttkit.o(i.MQTT_PacketSubscribe)
    i.MQTT_ReadLength                        0x08001ae2   Section        0  mqttkit.o(i.MQTT_ReadLength)
    i.MQTT_UnPacketCmd                       0x08001b28   Section        0  mqttkit.o(i.MQTT_UnPacketCmd)
    i.MQTT_UnPacketConnectAck                0x08001bb4   Section        0  mqttkit.o(i.MQTT_UnPacketConnectAck)
    i.MQTT_UnPacketPublish                   0x08001bd4   Section        0  mqttkit.o(i.MQTT_UnPacketPublish)
    i.MQTT_UnPacketPublishAck                0x08001d94   Section        0  mqttkit.o(i.MQTT_UnPacketPublishAck)
    i.MQTT_UnPacketPublishComp               0x08001db2   Section        0  mqttkit.o(i.MQTT_UnPacketPublishComp)
    i.MQTT_UnPacketPublishRec                0x08001dd0   Section        0  mqttkit.o(i.MQTT_UnPacketPublishRec)
    i.MQTT_UnPacketPublishRel                0x08001dee   Section        0  mqttkit.o(i.MQTT_UnPacketPublishRel)
    i.MQTT_UnPacketRecv                      0x08001e14   Section        0  mqttkit.o(i.MQTT_UnPacketRecv)
    i.MQTT_UnPacketSubscribe                 0x08001e88   Section        0  mqttkit.o(i.MQTT_UnPacketSubscribe)
    i.MQTT_UnPacketUnSubscribe               0x08001ebc   Section        0  mqttkit.o(i.MQTT_UnPacketUnSubscribe)
    i.MemManage_Handler                      0x08001ece   Section        0  stm32f10x_it.o(i.MemManage_Handler)
    i.NMI_Handler                            0x08001ed2   Section        0  stm32f10x_it.o(i.NMI_Handler)
    i.NVIC_Init                              0x08001ed4   Section        0  misc.o(i.NVIC_Init)
    i.OLED_Clear                             0x08001f44   Section        0  oled.o(i.OLED_Clear)
    i.OLED_I2C_Init                          0x08001f70   Section        0  oled.o(i.OLED_I2C_Init)
    i.OLED_I2C_SendByte                      0x08001fc0   Section        0  oled.o(i.OLED_I2C_SendByte)
    i.OLED_I2C_Start                         0x08002014   Section        0  oled.o(i.OLED_I2C_Start)
    i.OLED_I2C_Stop                          0x08002048   Section        0  oled.o(i.OLED_I2C_Stop)
    i.OLED_Init                              0x08002070   Section        0  oled.o(i.OLED_Init)
    i.OLED_SetCursor                         0x0800211e   Section        0  oled.o(i.OLED_SetCursor)
    i.OLED_ShowChar                          0x08002140   Section        0  oled.o(i.OLED_ShowChar)
    i.OLED_ShowString                        0x080021b4   Section        0  oled.o(i.OLED_ShowString)
    i.OLED_WriteCommand                      0x080021dc   Section        0  oled.o(i.OLED_WriteCommand)
    i.OLED_WriteData                         0x080021fc   Section        0  oled.o(i.OLED_WriteData)
    i.OLEDshow_Init                          0x0800221c   Section        0  main.o(i.OLEDshow_Init)
    i.OneNet_DevLink                         0x080022b0   Section        0  onenet.o(i.OneNet_DevLink)
    i.OneNet_Publish                         0x080024d4   Section        0  onenet.o(i.OneNet_Publish)
    i.OneNet_RevPro                          0x08002550   Section        0  onenet.o(i.OneNet_RevPro)
    i.OneNet_Subscribe                       0x080028fc   Section        0  onenet.o(i.OneNet_Subscribe)
    i.PendSV_Handler                         0x08002968   Section        0  stm32f10x_it.o(i.PendSV_Handler)
    i.RCC_ADCCLKConfig                       0x0800296c   Section        0  stm32f10x_rcc.o(i.RCC_ADCCLKConfig)
    i.RCC_APB1PeriphClockCmd                 0x08002984   Section        0  stm32f10x_rcc.o(i.RCC_APB1PeriphClockCmd)
    i.RCC_APB2PeriphClockCmd                 0x080029a4   Section        0  stm32f10x_rcc.o(i.RCC_APB2PeriphClockCmd)
    i.RCC_GetClocksFreq                      0x080029c4   Section        0  stm32f10x_rcc.o(i.RCC_GetClocksFreq)
    i.SVC_Handler                            0x08002a98   Section        0  stm32f10x_it.o(i.SVC_Handler)
    i.SetSysClock                            0x08002a9a   Section        0  system_stm32f10x.o(i.SetSysClock)
    SetSysClock                              0x08002a9b   Thumb Code     8  system_stm32f10x.o(i.SetSysClock)
    i.SetSysClockTo72                        0x08002aa4   Section        0  system_stm32f10x.o(i.SetSysClockTo72)
    SetSysClockTo72                          0x08002aa5   Thumb Code   214  system_stm32f10x.o(i.SetSysClockTo72)
    i.SysTick_Handler                        0x08002b84   Section        0  stm32f10x_it.o(i.SysTick_Handler)
    i.SystemInit                             0x08002b88   Section        0  system_stm32f10x.o(i.SystemInit)
    i.USART1_IRQHandler                      0x08002be8   Section        0  usart.o(i.USART1_IRQHandler)
    i.USART2_IRQHandler                      0x08002c04   Section        0  esp8266.o(i.USART2_IRQHandler)
    i.USART_ClearFlag                        0x08002c50   Section        0  stm32f10x_usart.o(i.USART_ClearFlag)
    i.USART_Cmd                              0x08002c62   Section        0  stm32f10x_usart.o(i.USART_Cmd)
    i.USART_GetFlagStatus                    0x08002c7a   Section        0  stm32f10x_usart.o(i.USART_GetFlagStatus)
    i.USART_GetITStatus                      0x08002c94   Section        0  stm32f10x_usart.o(i.USART_GetITStatus)
    i.USART_ITConfig                         0x08002ce8   Section        0  stm32f10x_usart.o(i.USART_ITConfig)
    i.USART_Init                             0x08002d34   Section        0  stm32f10x_usart.o(i.USART_Init)
    i.USART_SendData                         0x08002e0c   Section        0  stm32f10x_usart.o(i.USART_SendData)
    i.UsageFault_Handler                     0x08002e14   Section        0  stm32f10x_it.o(i.UsageFault_Handler)
    i.Usart1_Init                            0x08002e18   Section        0  usart.o(i.Usart1_Init)
    i.Usart2_Init                            0x08002ec8   Section        0  usart.o(i.Usart2_Init)
    i.UsartPrintf                            0x08002f74   Section        0  usart.o(i.UsartPrintf)
    i.Usart_SendString                       0x08002fbc   Section        0  usart.o(i.Usart_SendString)
    i.__0sprintf                             0x08002ff0   Section        0  printfa.o(i.__0sprintf)
    i.__0vsnprintf                           0x08003018   Section        0  printfa.o(i.__0vsnprintf)
    i.__ARM_fpclassify                       0x0800303c   Section        0  fpclassify.o(i.__ARM_fpclassify)
    i.__aeabi_errno_addr                     0x08003064   Section        0  errno.o(i.__aeabi_errno_addr)
    i.__kernel_poly                          0x0800306c   Section        0  poly.o(i.__kernel_poly)
    i.__mathlib_dbl_divzero                  0x08003118   Section        0  dunder.o(i.__mathlib_dbl_divzero)
    i.__mathlib_dbl_infnan2                  0x08003128   Section        0  dunder.o(i.__mathlib_dbl_infnan2)
    i.__mathlib_dbl_invalid                  0x0800312c   Section        0  dunder.o(i.__mathlib_dbl_invalid)
    i.__mathlib_dbl_overflow                 0x08003138   Section        0  dunder.o(i.__mathlib_dbl_overflow)
    i.__mathlib_dbl_underflow                0x08003148   Section        0  dunder.o(i.__mathlib_dbl_underflow)
    i.__scatterload_copy                     0x08003158   Section       14  handlers.o(i.__scatterload_copy)
    i.__scatterload_null                     0x08003166   Section        2  handlers.o(i.__scatterload_null)
    i.__scatterload_zeroinit                 0x08003168   Section       14  handlers.o(i.__scatterload_zeroinit)
    i.__set_errno                            0x08003178   Section        0  errno.o(i.__set_errno)
    i._fp_digits                             0x08003184   Section        0  printfa.o(i._fp_digits)
    _fp_digits                               0x08003185   Thumb Code   334  printfa.o(i._fp_digits)
    i._printf_core                           0x080032e8   Section        0  printfa.o(i._printf_core)
    _printf_core                             0x080032e9   Thumb Code  1744  printfa.o(i._printf_core)
    i._printf_post_padding                   0x080039c4   Section        0  printfa.o(i._printf_post_padding)
    _printf_post_padding                     0x080039c5   Thumb Code    36  printfa.o(i._printf_post_padding)
    i._printf_pre_padding                    0x080039e8   Section        0  printfa.o(i._printf_pre_padding)
    _printf_pre_padding                      0x080039e9   Thumb Code    46  printfa.o(i._printf_pre_padding)
    i._snputc                                0x08003a16   Section        0  printfa.o(i._snputc)
    _snputc                                  0x08003a17   Thumb Code    22  printfa.o(i._snputc)
    i._sputc                                 0x08003a2c   Section        0  printfa.o(i._sputc)
    _sputc                                   0x08003a2d   Thumb Code    10  printfa.o(i._sputc)
    i.cJSON_Delete                           0x08003a38   Section        0  cjson.o(i.cJSON_Delete)
    i.cJSON_GetErrorPtr                      0x08003a90   Section        0  cjson.o(i.cJSON_GetErrorPtr)
    i.cJSON_GetObjectItem                    0x08003a9c   Section        0  cjson.o(i.cJSON_GetObjectItem)
    i.cJSON_New_Item                         0x08003abc   Section        0  cjson.o(i.cJSON_New_Item)
    cJSON_New_Item                           0x08003abd   Thumb Code    26  cjson.o(i.cJSON_New_Item)
    i.cJSON_Parse                            0x08003adc   Section        0  cjson.o(i.cJSON_Parse)
    i.cJSON_ParseWithOpts                    0x08003aec   Section        0  cjson.o(i.cJSON_ParseWithOpts)
    i.cJSON_strcasecmp                       0x08003b50   Section        0  cjson.o(i.cJSON_strcasecmp)
    cJSON_strcasecmp                         0x08003b51   Thumb Code    76  cjson.o(i.cJSON_strcasecmp)
    i.free                                   0x08003b9c   Section        0  malloc.o(i.free)
    i.main                                   0x08003bec   Section        0  main.o(i.main)
    i.malloc                                 0x08003e04   Section        0  malloc.o(i.malloc)
    i.parse_array                            0x08003e70   Section        0  cjson.o(i.parse_array)
    parse_array                              0x08003e71   Thumb Code   166  cjson.o(i.parse_array)
    i.parse_hex4                             0x08003f1c   Section        0  cjson.o(i.parse_hex4)
    parse_hex4                               0x08003f1d   Thumb Code   276  cjson.o(i.parse_hex4)
    i.parse_number                           0x08004030   Section        0  cjson.o(i.parse_number)
    parse_number                             0x08004031   Thumb Code   432  cjson.o(i.parse_number)
    i.parse_object                           0x080041ec   Section        0  cjson.o(i.parse_object)
    parse_object                             0x080041ed   Thumb Code   270  cjson.o(i.parse_object)
    i.parse_string                           0x08004300   Section        0  cjson.o(i.parse_string)
    parse_string                             0x08004301   Thumb Code   448  cjson.o(i.parse_string)
    i.parse_value                            0x080044cc   Section        0  cjson.o(i.parse_value)
    parse_value                              0x080044cd   Thumb Code   158  cjson.o(i.parse_value)
    i.pow                                    0x08004588   Section        0  pow.o(i.pow)
    i.skip                                   0x08004f40   Section        0  cjson.o(i.skip)
    skip                                     0x08004f41   Thumb Code    18  cjson.o(i.skip)
    i.sqrt                                   0x08004f52   Section        0  sqrt.o(i.sqrt)
    .constdata                               0x08004f9e   Section     1520  oled.o(.constdata)
    .constdata                               0x0800558e   Section        8  main.o(.constdata)
    .constdata                               0x08005596   Section        7  cjson.o(.constdata)
    firstByteMark                            0x08005596   Data           7  cjson.o(.constdata)
    .constdata                               0x080055a0   Section      136  pow.o(.constdata)
    bp                                       0x080055a0   Data          16  pow.o(.constdata)
    dp_h                                     0x080055b0   Data          16  pow.o(.constdata)
    dp_l                                     0x080055c0   Data          16  pow.o(.constdata)
    L                                        0x080055d0   Data          48  pow.o(.constdata)
    P                                        0x08005600   Data          40  pow.o(.constdata)
    .constdata                               0x08005628   Section        8  qnan.o(.constdata)
    .constdata                               0x08005630   Section      129  ctype_o.o(.constdata)
    .constdata                               0x080056b4   Section        4  ctype_o.o(.constdata)
    table                                    0x080056b4   Data           4  ctype_o.o(.constdata)
    .conststring                             0x080056b8   Section        8  main.o(.conststring)
    .data                                    0x20000000   Section       20  stm32f10x_rcc.o(.data)
    APBAHBPrescTable                         0x20000000   Data          16  stm32f10x_rcc.o(.data)
    ADCPrescTable                            0x20000010   Data           4  stm32f10x_rcc.o(.data)
    .data                                    0x20000018   Section       20  main.o(.data)
    .data                                    0x2000002c   Section        4  esp8266.o(.data)
    .data                                    0x20000030   Section        2  onenet.o(.data)
    pkt_id                                   0x20000030   Data           2  onenet.o(.data)
    .data                                    0x20000034   Section       12  cjson.o(.data)
    ep                                       0x20000034   Data           4  cjson.o(.data)
    cJSON_malloc                             0x20000038   Data           4  cjson.o(.data)
    cJSON_free                               0x2000003c   Data           4  cjson.o(.data)
    .data                                    0x20000040   Section        4  mvars.o(.data)
    .data                                    0x20000044   Section        4  mvars.o(.data)
    .data                                    0x20000048   Section        4  errno.o(.data)
    _errno                                   0x20000048   Data           4  errno.o(.data)
    .bss                                     0x2000004c   Section      286  main.o(.bss)
    .bss                                     0x2000016a   Section      128  esp8266.o(.bss)
    HEAP                                     0x200001f0   Section      512  startup_stm32f10x_md.o(HEAP)
    STACK                                    0x200003f0   Section     1024  startup_stm32f10x_md.o(STACK)

    Global Symbols

    Symbol Name                              Value     Ov Type        Size  Object(Section)

    BuildAttributes$$THM_ISAv4$P$D$K$B$S$PE$A:L22UL41UL21$X:L11$S22US41US21$IEEE1$IW$USESV6$~STKCKD$USESV7$~SHL$OTIME$ROPI$IEEEX$EBA8$MICROLIB$REQ8$PRES8$EABIv2 0x00000000   Number         0  anon$$obj.o ABSOLUTE
    __ARM_use_no_argv                        0x00000000   Number         0  main.o ABSOLUTE
    _printf_a                                0x00000000   Number         0  stubs.o ABSOLUTE
    _printf_c                                0x00000000   Number         0  stubs.o ABSOLUTE
    _printf_charcount                        0x00000000   Number         0  stubs.o ABSOLUTE
    _printf_d                                0x00000000   Number         0  stubs.o ABSOLUTE
    _printf_e                                0x00000000   Number         0  stubs.o ABSOLUTE
    _printf_f                                0x00000000   Number         0  stubs.o ABSOLUTE
    _printf_flags                            0x00000000   Number         0  stubs.o ABSOLUTE
    _printf_fp_dec                           0x00000000   Number         0  stubs.o ABSOLUTE
    _printf_fp_hex                           0x00000000   Number         0  stubs.o ABSOLUTE
    _printf_g                                0x00000000   Number         0  stubs.o ABSOLUTE
    _printf_i                                0x00000000   Number         0  stubs.o ABSOLUTE
    _printf_int_dec                          0x00000000   Number         0  stubs.o ABSOLUTE
    _printf_l                                0x00000000   Number         0  stubs.o ABSOLUTE
    _printf_lc                               0x00000000   Number         0  stubs.o ABSOLUTE
    _printf_ll                               0x00000000   Number         0  stubs.o ABSOLUTE
    _printf_lld                              0x00000000   Number         0  stubs.o ABSOLUTE
    _printf_lli                              0x00000000   Number         0  stubs.o ABSOLUTE
    _printf_llo                              0x00000000   Number         0  stubs.o ABSOLUTE
    _printf_llu                              0x00000000   Number         0  stubs.o ABSOLUTE
    _printf_llx                              0x00000000   Number         0  stubs.o ABSOLUTE
    _printf_longlong_dec                     0x00000000   Number         0  stubs.o ABSOLUTE
    _printf_longlong_hex                     0x00000000   Number         0  stubs.o ABSOLUTE
    _printf_longlong_oct                     0x00000000   Number         0  stubs.o ABSOLUTE
    _printf_ls                               0x00000000   Number         0  stubs.o ABSOLUTE
    _printf_mbtowc                           0x00000000   Number         0  stubs.o ABSOLUTE
    _printf_n                                0x00000000   Number         0  stubs.o ABSOLUTE
    _printf_o                                0x00000000   Number         0  stubs.o ABSOLUTE
    _printf_p                                0x00000000   Number         0  stubs.o ABSOLUTE
    _printf_percent                          0x00000000   Number         0  stubs.o ABSOLUTE
    _printf_pre_padding                      0x00000000   Number         0  stubs.o ABSOLUTE
    _printf_return_value                     0x00000000   Number         0  stubs.o ABSOLUTE
    _printf_s                                0x00000000   Number         0  stubs.o ABSOLUTE
    _printf_sizespec                         0x00000000   Number         0  stubs.o ABSOLUTE
    _printf_str                              0x00000000   Number         0  stubs.o ABSOLUTE
    _printf_truncate_signed                  0x00000000   Number         0  stubs.o ABSOLUTE
    _printf_truncate_unsigned                0x00000000   Number         0  stubs.o ABSOLUTE
    _printf_u                                0x00000000   Number         0  stubs.o ABSOLUTE
    _printf_wc                               0x00000000   Number         0  stubs.o ABSOLUTE
    _printf_wctomb                           0x00000000   Number         0  stubs.o ABSOLUTE
    _printf_widthprec                        0x00000000   Number         0  stubs.o ABSOLUTE
    _printf_x                                0x00000000   Number         0  stubs.o ABSOLUTE
    __cpp_initialize__aeabi_                  - Undefined Weak Reference
    __cxa_finalize                            - Undefined Weak Reference
    __decompress                              - Undefined Weak Reference
    _clock_init                               - Undefined Weak Reference
    _microlib_exit                            - Undefined Weak Reference
    __Vectors_Size                           0x000000ec   Number         0  startup_stm32f10x_md.o ABSOLUTE
    __Vectors                                0x08000000   Data           4  startup_stm32f10x_md.o(RESET)
    __Vectors_End                            0x080000ec   Data           0  startup_stm32f10x_md.o(RESET)
    __main                                   0x080000ed   Thumb Code     0  entry.o(.ARM.Collect$$$$00000000)
    _main_stk                                0x080000ed   Thumb Code     0  entry2.o(.ARM.Collect$$$$00000001)
    _main_scatterload                        0x080000f1   Thumb Code     0  entry5.o(.ARM.Collect$$$$00000004)
    __main_after_scatterload                 0x080000f5   Thumb Code     0  entry5.o(.ARM.Collect$$$$00000004)
    _main_clock                              0x080000f5   Thumb Code     0  entry7b.o(.ARM.Collect$$$$00000008)
    _main_cpp_init                           0x080000f5   Thumb Code     0  entry8b.o(.ARM.Collect$$$$0000000A)
    _main_init                               0x080000f5   Thumb Code     0  entry9a.o(.ARM.Collect$$$$0000000B)
    __rt_final_cpp                           0x080000fd   Thumb Code     0  entry10a.o(.ARM.Collect$$$$0000000D)
    __rt_final_exit                          0x080000fd   Thumb Code     0  entry11a.o(.ARM.Collect$$$$0000000F)
    Reset_Handler                            0x08000101   Thumb Code     8  startup_stm32f10x_md.o(.text)
    ADC1_2_IRQHandler                        0x0800011b   Thumb Code     0  startup_stm32f10x_md.o(.text)
    CAN1_RX1_IRQHandler                      0x0800011b   Thumb Code     0  startup_stm32f10x_md.o(.text)
    CAN1_SCE_IRQHandler                      0x0800011b   Thumb Code     0  startup_stm32f10x_md.o(.text)
    DMA1_Channel1_IRQHandler                 0x0800011b   Thumb Code     0  startup_stm32f10x_md.o(.text)
    DMA1_Channel2_IRQHandler                 0x0800011b   Thumb Code     0  startup_stm32f10x_md.o(.text)
    DMA1_Channel3_IRQHandler                 0x0800011b   Thumb Code     0  startup_stm32f10x_md.o(.text)
    DMA1_Channel4_IRQHandler                 0x0800011b   Thumb Code     0  startup_stm32f10x_md.o(.text)
    DMA1_Channel5_IRQHandler                 0x0800011b   Thumb Code     0  startup_stm32f10x_md.o(.text)
    DMA1_Channel6_IRQHandler                 0x0800011b   Thumb Code     0  startup_stm32f10x_md.o(.text)
    DMA1_Channel7_IRQHandler                 0x0800011b   Thumb Code     0  startup_stm32f10x_md.o(.text)
    EXTI0_IRQHandler                         0x0800011b   Thumb Code     0  startup_stm32f10x_md.o(.text)
    EXTI15_10_IRQHandler                     0x0800011b   Thumb Code     0  startup_stm32f10x_md.o(.text)
    EXTI1_IRQHandler                         0x0800011b   Thumb Code     0  startup_stm32f10x_md.o(.text)
    EXTI2_IRQHandler                         0x0800011b   Thumb Code     0  startup_stm32f10x_md.o(.text)
    EXTI3_IRQHandler                         0x0800011b   Thumb Code     0  startup_stm32f10x_md.o(.text)
    EXTI4_IRQHandler                         0x0800011b   Thumb Code     0  startup_stm32f10x_md.o(.text)
    EXTI9_5_IRQHandler                       0x0800011b   Thumb Code     0  startup_stm32f10x_md.o(.text)
    FLASH_IRQHandler                         0x0800011b   Thumb Code     0  startup_stm32f10x_md.o(.text)
    I2C1_ER_IRQHandler                       0x0800011b   Thumb Code     0  startup_stm32f10x_md.o(.text)
    I2C1_EV_IRQHandler                       0x0800011b   Thumb Code     0  startup_stm32f10x_md.o(.text)
    I2C2_ER_IRQHandler                       0x0800011b   Thumb Code     0  startup_stm32f10x_md.o(.text)
    I2C2_EV_IRQHandler                       0x0800011b   Thumb Code     0  startup_stm32f10x_md.o(.text)
    PVD_IRQHandler                           0x0800011b   Thumb Code     0  startup_stm32f10x_md.o(.text)
    RCC_IRQHandler                           0x0800011b   Thumb Code     0  startup_stm32f10x_md.o(.text)
    RTCAlarm_IRQHandler                      0x0800011b   Thumb Code     0  startup_stm32f10x_md.o(.text)
    RTC_IRQHandler                           0x0800011b   Thumb Code     0  startup_stm32f10x_md.o(.text)
    SPI1_IRQHandler                          0x0800011b   Thumb Code     0  startup_stm32f10x_md.o(.text)
    SPI2_IRQHandler                          0x0800011b   Thumb Code     0  startup_stm32f10x_md.o(.text)
    TAMPER_IRQHandler                        0x0800011b   Thumb Code     0  startup_stm32f10x_md.o(.text)
    TIM1_BRK_IRQHandler                      0x0800011b   Thumb Code     0  startup_stm32f10x_md.o(.text)
    TIM1_CC_IRQHandler                       0x0800011b   Thumb Code     0  startup_stm32f10x_md.o(.text)
    TIM1_TRG_COM_IRQHandler                  0x0800011b   Thumb Code     0  startup_stm32f10x_md.o(.text)
    TIM1_UP_IRQHandler                       0x0800011b   Thumb Code     0  startup_stm32f10x_md.o(.text)
    TIM2_IRQHandler                          0x0800011b   Thumb Code     0  startup_stm32f10x_md.o(.text)
    TIM3_IRQHandler                          0x0800011b   Thumb Code     0  startup_stm32f10x_md.o(.text)
    TIM4_IRQHandler                          0x0800011b   Thumb Code     0  startup_stm32f10x_md.o(.text)
    USART3_IRQHandler                        0x0800011b   Thumb Code     0  startup_stm32f10x_md.o(.text)
    USBWakeUp_IRQHandler                     0x0800011b   Thumb Code     0  startup_stm32f10x_md.o(.text)
    USB_HP_CAN1_TX_IRQHandler                0x0800011b   Thumb Code     0  startup_stm32f10x_md.o(.text)
    USB_LP_CAN1_RX0_IRQHandler               0x0800011b   Thumb Code     0  startup_stm32f10x_md.o(.text)
    WWDG_IRQHandler                          0x0800011b   Thumb Code     0  startup_stm32f10x_md.o(.text)
    tolower                                  0x08000125   Thumb Code    12  tolower.o(.text)
    __aeabi_memcpy                           0x08000131   Thumb Code    36  memcpya.o(.text)
    __aeabi_memcpy4                          0x08000131   Thumb Code     0  memcpya.o(.text)
    __aeabi_memcpy8                          0x08000131   Thumb Code     0  memcpya.o(.text)
    __aeabi_memset                           0x08000155   Thumb Code    14  memseta.o(.text)
    __aeabi_memset4                          0x08000155   Thumb Code     0  memseta.o(.text)
    __aeabi_memset8                          0x08000155   Thumb Code     0  memseta.o(.text)
    __aeabi_memclr                           0x08000163   Thumb Code     4  memseta.o(.text)
    __aeabi_memclr4                          0x08000163   Thumb Code     0  memseta.o(.text)
    __aeabi_memclr8                          0x08000163   Thumb Code     0  memseta.o(.text)
    _memset$wrapper                          0x08000167   Thumb Code    18  memseta.o(.text)
    strstr                                   0x08000179   Thumb Code    36  strstr.o(.text)
    strchr                                   0x0800019d   Thumb Code    20  strchr.o(.text)
    strlen                                   0x080001b1   Thumb Code    14  strlen.o(.text)
    strncat                                  0x080001bf   Thumb Code    40  strncat.o(.text)
    strncmp                                  0x080001e7   Thumb Code    30  strncmp.o(.text)
    atoi                                     0x08000205   Thumb Code    26  atoi.o(.text)
    __aeabi_dadd                             0x0800021f   Thumb Code   322  dadd.o(.text)
    __aeabi_dsub                             0x08000361   Thumb Code     6  dadd.o(.text)
    __aeabi_drsub                            0x08000367   Thumb Code     6  dadd.o(.text)
    __aeabi_dmul                             0x0800036d   Thumb Code   228  dmul.o(.text)
    __aeabi_ddiv                             0x08000451   Thumb Code   222  ddiv.o(.text)
    __aeabi_i2d                              0x0800052f   Thumb Code    34  dflti.o(.text)
    __aeabi_ui2d                             0x08000551   Thumb Code    26  dfltui.o(.text)
    __aeabi_d2iz                             0x0800056b   Thumb Code    62  dfixi.o(.text)
    __aeabi_cdcmpeq                          0x080005a9   Thumb Code     0  cdcmple.o(.text)
    __aeabi_cdcmple                          0x080005a9   Thumb Code    48  cdcmple.o(.text)
    __aeabi_cdrcmple                         0x080005d9   Thumb Code    48  cdrcmple.o(.text)
    __aeabi_uidiv                            0x08000609   Thumb Code     0  uidiv.o(.text)
    __aeabi_uidivmod                         0x08000609   Thumb Code    44  uidiv.o(.text)
    __aeabi_uldivmod                         0x08000635   Thumb Code    98  uldiv.o(.text)
    __aeabi_llsl                             0x08000697   Thumb Code    30  llshl.o(.text)
    _ll_shift_l                              0x08000697   Thumb Code     0  llshl.o(.text)
    __aeabi_llsr                             0x080006b5   Thumb Code    32  llushr.o(.text)
    _ll_ushift_r                             0x080006b5   Thumb Code     0  llushr.o(.text)
    __aeabi_lasr                             0x080006d5   Thumb Code    36  llsshr.o(.text)
    _ll_sshift_r                             0x080006d5   Thumb Code     0  llsshr.o(.text)
    strtol                                   0x080006f9   Thumb Code   112  strtol.o(.text)
    __I$use$fp                               0x08000769   Thumb Code     0  iusefp.o(.text)
    _double_round                            0x08000769   Thumb Code    30  depilogue.o(.text)
    _double_epilogue                         0x08000787   Thumb Code   156  depilogue.o(.text)
    __ARM_scalbn                             0x08000823   Thumb Code    46  dscalb.o(.text)
    scalbn                                   0x08000823   Thumb Code     0  dscalb.o(.text)
    __aeabi_d2ulz                            0x08000851   Thumb Code    48  dfixul.o(.text)
    __scatterload                            0x08000881   Thumb Code    28  init.o(.text)
    __scatterload_rt2                        0x08000881   Thumb Code     0  init.o(.text)
    __rt_ctype_table                         0x080008a5   Thumb Code     4  ctype_o.o(.text)
    _strtoul                                 0x080008ad   Thumb Code   158  _strtoul.o(.text)
    _dsqrt                                   0x0800094b   Thumb Code   162  dsqrt.o(.text)
    _chval                                   0x080009ed   Thumb Code    28  _chval.o(.text)
    ADC_Cmd                                  0x08000a09   Thumb Code    22  stm32f10x_adc.o(i.ADC_Cmd)
    ADC_GetCalibrationStatus                 0x08000a1f   Thumb Code    20  stm32f10x_adc.o(i.ADC_GetCalibrationStatus)
    ADC_GetConversionValue                   0x08000a33   Thumb Code     8  stm32f10x_adc.o(i.ADC_GetConversionValue)
    ADC_GetFlagStatus                        0x08000a3b   Thumb Code    18  stm32f10x_adc.o(i.ADC_GetFlagStatus)
    ADC_GetResetCalibrationStatus            0x08000a4d   Thumb Code    20  stm32f10x_adc.o(i.ADC_GetResetCalibrationStatus)
    ADC_Init                                 0x08000a61   Thumb Code    70  stm32f10x_adc.o(i.ADC_Init)
    ADC_RegularChannelConfig                 0x08000ab1   Thumb Code   184  stm32f10x_adc.o(i.ADC_RegularChannelConfig)
    ADC_ResetCalibration                     0x08000b69   Thumb Code    10  stm32f10x_adc.o(i.ADC_ResetCalibration)
    ADC_SoftwareStartConvCmd                 0x08000b73   Thumb Code    22  stm32f10x_adc.o(i.ADC_SoftwareStartConvCmd)
    ADC_StartCalibration                     0x08000b89   Thumb Code    10  stm32f10x_adc.o(i.ADC_StartCalibration)
    AD_GetValue                              0x08000b95   Thumb Code    32  ad.o(i.AD_GetValue)
    AD_Init                                  0x08000bb9   Thumb Code   150  ad.o(i.AD_Init)
    Beep_Init                                0x08000c59   Thumb Code    48  beep.o(i.Beep_Init)
    Beep_OFF                                 0x08000c8d   Thumb Code    14  beep.o(i.Beep_OFF)
    Beep_ON                                  0x08000ca1   Thumb Code    14  beep.o(i.Beep_ON)
    Beep_Turn                                0x08000cb5   Thumb Code    38  beep.o(i.Beep_Turn)
    BusFault_Handler                         0x08000ce1   Thumb Code     4  stm32f10x_it.o(i.BusFault_Handler)
    DHT11_Check                              0x08000ce5   Thumb Code    92  dht11.o(i.DHT11_Check)
    DHT11_Read_Bit                           0x08000d49   Thumb Code    70  dht11.o(i.DHT11_Read_Bit)
    DHT11_Read_Byte                          0x08000d95   Thumb Code    30  dht11.o(i.DHT11_Read_Byte)
    DHT11_Read_Data                          0x08000db3   Thumb Code    88  dht11.o(i.DHT11_Read_Data)
    DHT11_Rst                                0x08000e0d   Thumb Code    52  dht11.o(i.DHT11_Rst)
    DebugMon_Handler                         0x08000e4d   Thumb Code     2  stm32f10x_it.o(i.DebugMon_Handler)
    Delay_ms                                 0x08000e4f   Thumb Code    24  delay.o(i.Delay_ms)
    Delay_us                                 0x08000e67   Thumb Code    46  delay.o(i.Delay_us)
    ESP8266_Clear                            0x08000e95   Thumb Code    18  esp8266.o(i.ESP8266_Clear)
    ESP8266_GetIPD                           0x08000eb1   Thumb Code    66  esp8266.o(i.ESP8266_GetIPD)
    ESP8266_Init                             0x08000f01   Thumb Code   224  esp8266.o(i.ESP8266_Init)
    ESP8266_SendCmd                          0x08001105   Thumb Code    76  esp8266.o(i.ESP8266_SendCmd)
    ESP8266_SendData                         0x08001159   Thumb Code    46  esp8266.o(i.ESP8266_SendData)
    ESP8266_WaitRecive                       0x080011a1   Thumb Code    42  esp8266.o(i.ESP8266_WaitRecive)
    GPIO_Init                                0x080011d5   Thumb Code   278  stm32f10x_gpio.o(i.GPIO_Init)
    GPIO_ReadInputDataBit                    0x080012eb   Thumb Code    18  stm32f10x_gpio.o(i.GPIO_ReadInputDataBit)
    GPIO_ReadOutputDataBit                   0x080012fd   Thumb Code    18  stm32f10x_gpio.o(i.GPIO_ReadOutputDataBit)
    GPIO_ResetBits                           0x0800130f   Thumb Code     4  stm32f10x_gpio.o(i.GPIO_ResetBits)
    GPIO_SetBits                             0x08001313   Thumb Code     4  stm32f10x_gpio.o(i.GPIO_SetBits)
    GPIO_WriteBit                            0x08001317   Thumb Code    10  stm32f10x_gpio.o(i.GPIO_WriteBit)
    HardFault_Handler                        0x08001321   Thumb Code     4  stm32f10x_it.o(i.HardFault_Handler)
    Hardware_Init                            0x08001325   Thumb Code    48  main.o(i.Hardware_Init)
    Key_GetNum                               0x0800136d   Thumb Code    50  key.o(i.Key_GetNum)
    Key_Init                                 0x080013a5   Thumb Code    40  key.o(i.Key_Init)
    LED1_OFF                                 0x080013d1   Thumb Code    14  led.o(i.LED1_OFF)
    LED1_ON                                  0x080013e5   Thumb Code    14  led.o(i.LED1_ON)
    LED1_Turn                                0x080013f9   Thumb Code    38  led.o(i.LED1_Turn)
    LED_Init                                 0x08001425   Thumb Code    48  led.o(i.LED_Init)
    MQTT_DeleteBuffer                        0x08001459   Thumb Code    28  mqttkit.o(i.MQTT_DeleteBuffer)
    MQTT_DumpLength                          0x08001475   Thumb Code    46  mqttkit.o(i.MQTT_DumpLength)
    MQTT_NewBuffer                           0x080014a3   Thumb Code    88  mqttkit.o(i.MQTT_NewBuffer)
    MQTT_PacketConnect                       0x080014fd   Thumb Code   666  mqttkit.o(i.MQTT_PacketConnect)
    MQTT_PacketPublish                       0x0800179d   Thumb Code   440  mqttkit.o(i.MQTT_PacketPublish)
    MQTT_PacketPublishComp                   0x08001955   Thumb Code    72  mqttkit.o(i.MQTT_PacketPublishComp)
    MQTT_PacketPublishRel                    0x0800199d   Thumb Code    72  mqttkit.o(i.MQTT_PacketPublishRel)
    MQTT_PacketSubscribe                     0x080019e5   Thumb Code   254  mqttkit.o(i.MQTT_PacketSubscribe)
    MQTT_ReadLength                          0x08001ae3   Thumb Code    70  mqttkit.o(i.MQTT_ReadLength)
    MQTT_UnPacketCmd                         0x08001b29   Thumb Code   140  mqttkit.o(i.MQTT_UnPacketCmd)
    MQTT_UnPacketConnectAck                  0x08001bb5   Thumb Code    30  mqttkit.o(i.MQTT_UnPacketConnectAck)
    MQTT_UnPacketPublish                     0x08001bd5   Thumb Code   438  mqttkit.o(i.MQTT_UnPacketPublish)
    MQTT_UnPacketPublishAck                  0x08001d95   Thumb Code    30  mqttkit.o(i.MQTT_UnPacketPublishAck)
    MQTT_UnPacketPublishComp                 0x08001db3   Thumb Code    30  mqttkit.o(i.MQTT_UnPacketPublishComp)
    MQTT_UnPacketPublishRec                  0x08001dd1   Thumb Code    30  mqttkit.o(i.MQTT_UnPacketPublishRec)
    MQTT_UnPacketPublishRel                  0x08001def   Thumb Code    36  mqttkit.o(i.MQTT_UnPacketPublishRel)
    MQTT_UnPacketRecv                        0x08001e15   Thumb Code   106  mqttkit.o(i.MQTT_UnPacketRecv)
    MQTT_UnPacketSubscribe                   0x08001e89   Thumb Code    52  mqttkit.o(i.MQTT_UnPacketSubscribe)
    MQTT_UnPacketUnSubscribe                 0x08001ebd   Thumb Code    18  mqttkit.o(i.MQTT_UnPacketUnSubscribe)
    MemManage_Handler                        0x08001ecf   Thumb Code     4  stm32f10x_it.o(i.MemManage_Handler)
    NMI_Handler                              0x08001ed3   Thumb Code     2  stm32f10x_it.o(i.NMI_Handler)
    NVIC_Init                                0x08001ed5   Thumb Code   100  misc.o(i.NVIC_Init)
    OLED_Clear                               0x08001f45   Thumb Code    42  oled.o(i.OLED_Clear)
    OLED_I2C_Init                            0x08001f71   Thumb Code    76  oled.o(i.OLED_I2C_Init)
    OLED_I2C_SendByte                        0x08001fc1   Thumb Code    80  oled.o(i.OLED_I2C_SendByte)
    OLED_I2C_Start                           0x08002015   Thumb Code    48  oled.o(i.OLED_I2C_Start)
    OLED_I2C_Stop                            0x08002049   Thumb Code    36  oled.o(i.OLED_I2C_Stop)
    OLED_Init                                0x08002071   Thumb Code   174  oled.o(i.OLED_Init)
    OLED_SetCursor                           0x0800211f   Thumb Code    34  oled.o(i.OLED_SetCursor)
    OLED_ShowChar                            0x08002141   Thumb Code   110  oled.o(i.OLED_ShowChar)
    OLED_ShowString                          0x080021b5   Thumb Code    40  oled.o(i.OLED_ShowString)
    OLED_WriteCommand                        0x080021dd   Thumb Code    32  oled.o(i.OLED_WriteCommand)
    OLED_WriteData                           0x080021fd   Thumb Code    32  oled.o(i.OLED_WriteData)
    OLEDshow_Init                            0x0800221d   Thumb Code    94  main.o(i.OLEDshow_Init)
    OneNet_DevLink                           0x080022b1   Thumb Code   216  onenet.o(i.OneNet_DevLink)
    OneNet_Publish                           0x080024d5   Thumb Code    88  onenet.o(i.OneNet_Publish)
    OneNet_RevPro                            0x08002551   Thumb Code   534  onenet.o(i.OneNet_RevPro)
    OneNet_Subscribe                         0x080028fd   Thumb Code    80  onenet.o(i.OneNet_Subscribe)
    PendSV_Handler                           0x08002969   Thumb Code     2  stm32f10x_it.o(i.PendSV_Handler)
    RCC_ADCCLKConfig                         0x0800296d   Thumb Code    18  stm32f10x_rcc.o(i.RCC_ADCCLKConfig)
    RCC_APB1PeriphClockCmd                   0x08002985   Thumb Code    26  stm32f10x_rcc.o(i.RCC_APB1PeriphClockCmd)
    RCC_APB2PeriphClockCmd                   0x080029a5   Thumb Code    26  stm32f10x_rcc.o(i.RCC_APB2PeriphClockCmd)
    RCC_GetClocksFreq                        0x080029c5   Thumb Code   192  stm32f10x_rcc.o(i.RCC_GetClocksFreq)
    SVC_Handler                              0x08002a99   Thumb Code     2  stm32f10x_it.o(i.SVC_Handler)
    SysTick_Handler                          0x08002b85   Thumb Code     2  stm32f10x_it.o(i.SysTick_Handler)
    SystemInit                               0x08002b89   Thumb Code    78  system_stm32f10x.o(i.SystemInit)
    USART1_IRQHandler                        0x08002be9   Thumb Code    24  usart.o(i.USART1_IRQHandler)
    USART2_IRQHandler                        0x08002c05   Thumb Code    62  esp8266.o(i.USART2_IRQHandler)
    USART_ClearFlag                          0x08002c51   Thumb Code    18  stm32f10x_usart.o(i.USART_ClearFlag)
    USART_Cmd                                0x08002c63   Thumb Code    24  stm32f10x_usart.o(i.USART_Cmd)
    USART_GetFlagStatus                      0x08002c7b   Thumb Code    26  stm32f10x_usart.o(i.USART_GetFlagStatus)
    USART_GetITStatus                        0x08002c95   Thumb Code    84  stm32f10x_usart.o(i.USART_GetITStatus)
    USART_ITConfig                           0x08002ce9   Thumb Code    74  stm32f10x_usart.o(i.USART_ITConfig)
    USART_Init                               0x08002d35   Thumb Code   210  stm32f10x_usart.o(i.USART_Init)
    USART_SendData                           0x08002e0d   Thumb Code     8  stm32f10x_usart.o(i.USART_SendData)
    UsageFault_Handler                       0x08002e15   Thumb Code     4  stm32f10x_it.o(i.UsageFault_Handler)
    Usart1_Init                              0x08002e19   Thumb Code   166  usart.o(i.Usart1_Init)
    Usart2_Init                              0x08002ec9   Thumb Code   162  usart.o(i.Usart2_Init)
    UsartPrintf                              0x08002f75   Thumb Code    72  usart.o(i.UsartPrintf)
    Usart_SendString                         0x08002fbd   Thumb Code    50  usart.o(i.Usart_SendString)
    __0sprintf                               0x08002ff1   Thumb Code    34  printfa.o(i.__0sprintf)
    __1sprintf                               0x08002ff1   Thumb Code     0  printfa.o(i.__0sprintf)
    __2sprintf                               0x08002ff1   Thumb Code     0  printfa.o(i.__0sprintf)
    __c89sprintf                             0x08002ff1   Thumb Code     0  printfa.o(i.__0sprintf)
    sprintf                                  0x08002ff1   Thumb Code     0  printfa.o(i.__0sprintf)
    __0vsnprintf                             0x08003019   Thumb Code    32  printfa.o(i.__0vsnprintf)
    __1vsnprintf                             0x08003019   Thumb Code     0  printfa.o(i.__0vsnprintf)
    __2vsnprintf                             0x08003019   Thumb Code     0  printfa.o(i.__0vsnprintf)
    __c89vsnprintf                           0x08003019   Thumb Code     0  printfa.o(i.__0vsnprintf)
    vsnprintf                                0x08003019   Thumb Code     0  printfa.o(i.__0vsnprintf)
    __ARM_fpclassify                         0x0800303d   Thumb Code    40  fpclassify.o(i.__ARM_fpclassify)
    __aeabi_errno_addr                       0x08003065   Thumb Code     4  errno.o(i.__aeabi_errno_addr)
    __rt_errno_addr                          0x08003065   Thumb Code     0  errno.o(i.__aeabi_errno_addr)
    __kernel_poly                            0x0800306d   Thumb Code   170  poly.o(i.__kernel_poly)
    __mathlib_dbl_divzero                    0x08003119   Thumb Code    12  dunder.o(i.__mathlib_dbl_divzero)
    __mathlib_dbl_infnan2                    0x08003129   Thumb Code     4  dunder.o(i.__mathlib_dbl_infnan2)
    __mathlib_dbl_invalid                    0x0800312d   Thumb Code    12  dunder.o(i.__mathlib_dbl_invalid)
    __mathlib_dbl_overflow                   0x08003139   Thumb Code    14  dunder.o(i.__mathlib_dbl_overflow)
    __mathlib_dbl_underflow                  0x08003149   Thumb Code    10  dunder.o(i.__mathlib_dbl_underflow)
    __scatterload_copy                       0x08003159   Thumb Code    14  handlers.o(i.__scatterload_copy)
    __scatterload_null                       0x08003167   Thumb Code     2  handlers.o(i.__scatterload_null)
    __scatterload_zeroinit                   0x08003169   Thumb Code    14  handlers.o(i.__scatterload_zeroinit)
    __set_errno                              0x08003179   Thumb Code     6  errno.o(i.__set_errno)
    cJSON_Delete                             0x08003a39   Thumb Code    82  cjson.o(i.cJSON_Delete)
    cJSON_GetErrorPtr                        0x08003a91   Thumb Code     6  cjson.o(i.cJSON_GetErrorPtr)
    cJSON_GetObjectItem                      0x08003a9d   Thumb Code    30  cjson.o(i.cJSON_GetObjectItem)
    cJSON_Parse                              0x08003add   Thumb Code    16  cjson.o(i.cJSON_Parse)
    cJSON_ParseWithOpts                      0x08003aed   Thumb Code    96  cjson.o(i.cJSON_ParseWithOpts)
    free                                     0x08003b9d   Thumb Code    76  malloc.o(i.free)
    main                                     0x08003bed   Thumb Code   380  main.o(i.main)
    malloc                                   0x08003e05   Thumb Code    92  malloc.o(i.malloc)
    pow                                      0x08004589   Thumb Code  2478  pow.o(i.pow)
    sqrt                                     0x08004f53   Thumb Code    76  sqrt.o(i.sqrt)
    OLED_F8x16                               0x08004f9e   Data        1520  oled.o(.constdata)
    devPubtopics                             0x0800558e   Data           8  main.o(.constdata)
    __mathlib_zero                           0x08005628   Data           8  qnan.o(.constdata)
    __ctype_table                            0x08005630   Data         129  ctype_o.o(.constdata)
    Region$$Table$$Base                      0x080056c0   Number         0  anon$$obj.o(Region$$Table)
    Region$$Table$$Limit                     0x080056e0   Number         0  anon$$obj.o(Region$$Table)
    temp                                     0x20000018   Data           1  main.o(.data)
    humi                                     0x20000019   Data           1  main.o(.data)
    Led_state                                0x2000001a   Data           1  main.o(.data)
    ADValue                                  0x2000001c   Data           2  main.o(.data)
    KeyNum                                   0x2000001e   Data           1  main.o(.data)
    percentage                               0x20000020   Data           8  main.o(.data)
    devSubtopics                             0x20000028   Data           4  main.o(.data)
    esp8266_cnt                              0x2000002c   Data           2  esp8266.o(.data)
    esp8266_cntPre                           0x2000002e   Data           2  esp8266.o(.data)
    __microlib_freelist                      0x20000040   Data           4  mvars.o(.data)
    __microlib_freelist_initialised          0x20000044   Data           4  mvars.o(.data)
    temp_chr                                 0x2000004c   Data          10  main.o(.bss)
    humi_chr                                 0x20000056   Data          10  main.o(.bss)
    illumination                             0x20000060   Data          10  main.o(.bss)
    pub_buf                                  0x2000006a   Data         256  main.o(.bss)
    esp8266_buf                              0x2000016a   Data         128  esp8266.o(.bss)
    __heap_base                              0x200001f0   Data           0  startup_stm32f10x_md.o(HEAP)
    __heap_limit                             0x200003f0   Data           0  startup_stm32f10x_md.o(HEAP)
    __initial_sp                             0x200007f0   Data           0  startup_stm32f10x_md.o(STACK)



==============================================================================

Memory Map of the image

  Image Entry point : 0x080000ed

  Load Region LR_IROM1 (Base: 0x08000000, Size: 0x0000572c, Max: 0x00010000, ABSOLUTE)

    Execution Region ER_IROM1 (Base: 0x08000000, Size: 0x000056e0, Max: 0x00010000, ABSOLUTE)

    Base Addr    Size         Type   Attr      Idx    E Section Name        Object

    0x08000000   0x000000ec   Data   RO            3    RESET               startup_stm32f10x_md.o
    0x080000ec   0x00000000   Code   RO         4348  * .ARM.Collect$$$$00000000  mc_w.l(entry.o)
    0x080000ec   0x00000004   Code   RO         4707    .ARM.Collect$$$$00000001  mc_w.l(entry2.o)
    0x080000f0   0x00000004   Code   RO         4710    .ARM.Collect$$$$00000004  mc_w.l(entry5.o)
    0x080000f4   0x00000000   Code   RO         4712    .ARM.Collect$$$$00000008  mc_w.l(entry7b.o)
    0x080000f4   0x00000000   Code   RO         4714    .ARM.Collect$$$$0000000A  mc_w.l(entry8b.o)
    0x080000f4   0x00000008   Code   RO         4715    .ARM.Collect$$$$0000000B  mc_w.l(entry9a.o)
    0x080000fc   0x00000000   Code   RO         4717    .ARM.Collect$$$$0000000D  mc_w.l(entry10a.o)
    0x080000fc   0x00000000   Code   RO         4719    .ARM.Collect$$$$0000000F  mc_w.l(entry11a.o)
    0x080000fc   0x00000004   Code   RO         4708    .ARM.Collect$$$$00002712  mc_w.l(entry2.o)
    0x08000100   0x00000024   Code   RO            4    .text               startup_stm32f10x_md.o
    0x08000124   0x0000000c   Code   RO         4351    .text               mc_w.l(tolower.o)
    0x08000130   0x00000024   Code   RO         4353    .text               mc_w.l(memcpya.o)
    0x08000154   0x00000024   Code   RO         4355    .text               mc_w.l(memseta.o)
    0x08000178   0x00000024   Code   RO         4357    .text               mc_w.l(strstr.o)
    0x0800019c   0x00000014   Code   RO         4359    .text               mc_w.l(strchr.o)
    0x080001b0   0x0000000e   Code   RO         4361    .text               mc_w.l(strlen.o)
    0x080001be   0x00000028   Code   RO         4363    .text               mc_w.l(strncat.o)
    0x080001e6   0x0000001e   Code   RO         4367    .text               mc_w.l(strncmp.o)
    0x08000204   0x0000001a   Code   RO         4660    .text               mc_w.l(atoi.o)
    0x0800021e   0x0000014e   Code   RO         4662    .text               mf_w.l(dadd.o)
    0x0800036c   0x000000e4   Code   RO         4664    .text               mf_w.l(dmul.o)
    0x08000450   0x000000de   Code   RO         4666    .text               mf_w.l(ddiv.o)
    0x0800052e   0x00000022   Code   RO         4668    .text               mf_w.l(dflti.o)
    0x08000550   0x0000001a   Code   RO         4670    .text               mf_w.l(dfltui.o)
    0x0800056a   0x0000003e   Code   RO         4672    .text               mf_w.l(dfixi.o)
    0x080005a8   0x00000030   Code   RO         4676    .text               mf_w.l(cdcmple.o)
    0x080005d8   0x00000030   Code   RO         4678    .text               mf_w.l(cdrcmple.o)
    0x08000608   0x0000002c   Code   RO         4724    .text               mc_w.l(uidiv.o)
    0x08000634   0x00000062   Code   RO         4726    .text               mc_w.l(uldiv.o)
    0x08000696   0x0000001e   Code   RO         4728    .text               mc_w.l(llshl.o)
    0x080006b4   0x00000020   Code   RO         4730    .text               mc_w.l(llushr.o)
    0x080006d4   0x00000024   Code   RO         4732    .text               mc_w.l(llsshr.o)
    0x080006f8   0x00000070   Code   RO         4743    .text               mc_w.l(strtol.o)
    0x08000768   0x00000000   Code   RO         4745    .text               mc_w.l(iusefp.o)
    0x08000768   0x000000ba   Code   RO         4746    .text               mf_w.l(depilogue.o)
    0x08000822   0x0000002e   Code   RO         4748    .text               mf_w.l(dscalb.o)
    0x08000850   0x00000030   Code   RO         4750    .text               mf_w.l(dfixul.o)
    0x08000880   0x00000024   Code   RO         4752    .text               mc_w.l(init.o)
    0x080008a4   0x00000008   Code   RO         4755    .text               mc_w.l(ctype_o.o)
    0x080008ac   0x0000009e   Code   RO         4783    .text               mc_w.l(_strtoul.o)
    0x0800094a   0x000000a2   Code   RO         4786    .text               mf_w.l(dsqrt.o)
    0x080009ec   0x0000001c   Code   RO         4788    .text               mc_w.l(_chval.o)
    0x08000a08   0x00000016   Code   RO          202    i.ADC_Cmd           stm32f10x_adc.o
    0x08000a1e   0x00000014   Code   RO          210    i.ADC_GetCalibrationStatus  stm32f10x_adc.o
    0x08000a32   0x00000008   Code   RO          211    i.ADC_GetConversionValue  stm32f10x_adc.o
    0x08000a3a   0x00000012   Code   RO          213    i.ADC_GetFlagStatus  stm32f10x_adc.o
    0x08000a4c   0x00000014   Code   RO          216    i.ADC_GetResetCalibrationStatus  stm32f10x_adc.o
    0x08000a60   0x00000050   Code   RO          220    i.ADC_Init          stm32f10x_adc.o
    0x08000ab0   0x000000b8   Code   RO          224    i.ADC_RegularChannelConfig  stm32f10x_adc.o
    0x08000b68   0x0000000a   Code   RO          225    i.ADC_ResetCalibration  stm32f10x_adc.o
    0x08000b72   0x00000016   Code   RO          227    i.ADC_SoftwareStartConvCmd  stm32f10x_adc.o
    0x08000b88   0x0000000a   Code   RO          229    i.ADC_StartCalibration  stm32f10x_adc.o
    0x08000b92   0x00000002   PAD
    0x08000b94   0x00000024   Code   RO         3458    i.AD_GetValue       ad.o
    0x08000bb8   0x000000a0   Code   RO         3459    i.AD_Init           ad.o
    0x08000c58   0x00000034   Code   RO         3476    i.Beep_Init         beep.o
    0x08000c8c   0x00000014   Code   RO         3477    i.Beep_OFF          beep.o
    0x08000ca0   0x00000014   Code   RO         3478    i.Beep_ON           beep.o
    0x08000cb4   0x0000002c   Code   RO         3479    i.Beep_Turn         beep.o
    0x08000ce0   0x00000004   Code   RO         3619    i.BusFault_Handler  stm32f10x_it.o
    0x08000ce4   0x00000064   Code   RO         3410    i.DHT11_Check       dht11.o
    0x08000d48   0x0000004c   Code   RO         3412    i.DHT11_Read_Bit    dht11.o
    0x08000d94   0x0000001e   Code   RO         3413    i.DHT11_Read_Byte   dht11.o
    0x08000db2   0x00000058   Code   RO         3414    i.DHT11_Read_Data   dht11.o
    0x08000e0a   0x00000002   PAD
    0x08000e0c   0x00000040   Code   RO         3415    i.DHT11_Rst         dht11.o
    0x08000e4c   0x00000002   Code   RO         3620    i.DebugMon_Handler  stm32f10x_it.o
    0x08000e4e   0x00000018   Code   RO         3196    i.Delay_ms          delay.o
    0x08000e66   0x0000002e   Code   RO         3198    i.Delay_us          delay.o
    0x08000e94   0x0000001c   Code   RO         3682    i.ESP8266_Clear     esp8266.o
    0x08000eb0   0x00000050   Code   RO         3683    i.ESP8266_GetIPD    esp8266.o
    0x08000f00   0x00000204   Code   RO         3684    i.ESP8266_Init      esp8266.o
    0x08001104   0x00000054   Code   RO         3685    i.ESP8266_SendCmd   esp8266.o
    0x08001158   0x00000048   Code   RO         3686    i.ESP8266_SendData  esp8266.o
    0x080011a0   0x00000034   Code   RO         3687    i.ESP8266_WaitRecive  esp8266.o
    0x080011d4   0x00000116   Code   RO         1347    i.GPIO_Init         stm32f10x_gpio.o
    0x080012ea   0x00000012   Code   RO         1351    i.GPIO_ReadInputDataBit  stm32f10x_gpio.o
    0x080012fc   0x00000012   Code   RO         1353    i.GPIO_ReadOutputDataBit  stm32f10x_gpio.o
    0x0800130e   0x00000004   Code   RO         1354    i.GPIO_ResetBits    stm32f10x_gpio.o
    0x08001312   0x00000004   Code   RO         1355    i.GPIO_SetBits      stm32f10x_gpio.o
    0x08001316   0x0000000a   Code   RO         1358    i.GPIO_WriteBit     stm32f10x_gpio.o
    0x08001320   0x00000004   Code   RO         3621    i.HardFault_Handler  stm32f10x_it.o
    0x08001324   0x00000048   Code   RO         3558    i.Hardware_Init     main.o
    0x0800136c   0x00000038   Code   RO         3281    i.Key_GetNum        key.o
    0x080013a4   0x0000002c   Code   RO         3282    i.Key_Init          key.o
    0x080013d0   0x00000014   Code   RO         3251    i.LED1_OFF          led.o
    0x080013e4   0x00000014   Code   RO         3252    i.LED1_ON           led.o
    0x080013f8   0x0000002c   Code   RO         3253    i.LED1_Turn         led.o
    0x08001424   0x00000034   Code   RO         3254    i.LED_Init          led.o
    0x08001458   0x0000001c   Code   RO         3741    i.MQTT_DeleteBuffer  mqttkit.o
    0x08001474   0x0000002e   Code   RO         3742    i.MQTT_DumpLength   mqttkit.o
    0x080014a2   0x00000058   Code   RO         3743    i.MQTT_NewBuffer    mqttkit.o
    0x080014fa   0x00000002   PAD
    0x080014fc   0x000002a0   Code   RO         3745    i.MQTT_PacketConnect  mqttkit.o
    0x0800179c   0x000001b8   Code   RO         3748    i.MQTT_PacketPublish  mqttkit.o
    0x08001954   0x00000048   Code   RO         3750    i.MQTT_PacketPublishComp  mqttkit.o
    0x0800199c   0x00000048   Code   RO         3752    i.MQTT_PacketPublishRel  mqttkit.o
    0x080019e4   0x000000fe   Code   RO         3755    i.MQTT_PacketSubscribe  mqttkit.o
    0x08001ae2   0x00000046   Code   RO         3757    i.MQTT_ReadLength   mqttkit.o
    0x08001b28   0x0000008c   Code   RO         3758    i.MQTT_UnPacketCmd  mqttkit.o
    0x08001bb4   0x0000001e   Code   RO         3759    i.MQTT_UnPacketConnectAck  mqttkit.o
    0x08001bd2   0x00000002   PAD
    0x08001bd4   0x000001c0   Code   RO         3760    i.MQTT_UnPacketPublish  mqttkit.o
    0x08001d94   0x0000001e   Code   RO         3761    i.MQTT_UnPacketPublishAck  mqttkit.o
    0x08001db2   0x0000001e   Code   RO         3762    i.MQTT_UnPacketPublishComp  mqttkit.o
    0x08001dd0   0x0000001e   Code   RO         3763    i.MQTT_UnPacketPublishRec  mqttkit.o
    0x08001dee   0x00000024   Code   RO         3764    i.MQTT_UnPacketPublishRel  mqttkit.o
    0x08001e12   0x00000002   PAD
    0x08001e14   0x00000074   Code   RO         3765    i.MQTT_UnPacketRecv  mqttkit.o
    0x08001e88   0x00000034   Code   RO         3766    i.MQTT_UnPacketSubscribe  mqttkit.o
    0x08001ebc   0x00000012   Code   RO         3767    i.MQTT_UnPacketUnSubscribe  mqttkit.o
    0x08001ece   0x00000004   Code   RO         3622    i.MemManage_Handler  stm32f10x_it.o
    0x08001ed2   0x00000002   Code   RO         3623    i.NMI_Handler       stm32f10x_it.o
    0x08001ed4   0x00000070   Code   RO          137    i.NVIC_Init         misc.o
    0x08001f44   0x0000002a   Code   RO         3302    i.OLED_Clear        oled.o
    0x08001f6e   0x00000002   PAD
    0x08001f70   0x00000050   Code   RO         3303    i.OLED_I2C_Init     oled.o
    0x08001fc0   0x00000054   Code   RO         3304    i.OLED_I2C_SendByte  oled.o
    0x08002014   0x00000034   Code   RO         3305    i.OLED_I2C_Start    oled.o
    0x08002048   0x00000028   Code   RO         3306    i.OLED_I2C_Stop     oled.o
    0x08002070   0x000000ae   Code   RO         3307    i.OLED_Init         oled.o
    0x0800211e   0x00000022   Code   RO         3309    i.OLED_SetCursor    oled.o
    0x08002140   0x00000074   Code   RO         3311    i.OLED_ShowChar     oled.o
    0x080021b4   0x00000028   Code   RO         3315    i.OLED_ShowString   oled.o
    0x080021dc   0x00000020   Code   RO         3316    i.OLED_WriteCommand  oled.o
    0x080021fc   0x00000020   Code   RO         3317    i.OLED_WriteData    oled.o
    0x0800221c   0x00000094   Code   RO         3559    i.OLEDshow_Init     main.o
    0x080022b0   0x00000224   Code   RO         3925    i.OneNet_DevLink    onenet.o
    0x080024d4   0x0000007c   Code   RO         3926    i.OneNet_Publish    onenet.o
    0x08002550   0x000003ac   Code   RO         3927    i.OneNet_RevPro     onenet.o
    0x080028fc   0x0000006c   Code   RO         3928    i.OneNet_Subscribe  onenet.o
    0x08002968   0x00000002   Code   RO         3624    i.PendSV_Handler    stm32f10x_it.o
    0x0800296a   0x00000002   PAD
    0x0800296c   0x00000018   Code   RO         1773    i.RCC_ADCCLKConfig  stm32f10x_rcc.o
    0x08002984   0x00000020   Code   RO         1775    i.RCC_APB1PeriphClockCmd  stm32f10x_rcc.o
    0x080029a4   0x00000020   Code   RO         1777    i.RCC_APB2PeriphClockCmd  stm32f10x_rcc.o
    0x080029c4   0x000000d4   Code   RO         1785    i.RCC_GetClocksFreq  stm32f10x_rcc.o
    0x08002a98   0x00000002   Code   RO         3625    i.SVC_Handler       stm32f10x_it.o
    0x08002a9a   0x00000008   Code   RO           24    i.SetSysClock       system_stm32f10x.o
    0x08002aa2   0x00000002   PAD
    0x08002aa4   0x000000e0   Code   RO           25    i.SetSysClockTo72   system_stm32f10x.o
    0x08002b84   0x00000002   Code   RO         3626    i.SysTick_Handler   stm32f10x_it.o
    0x08002b86   0x00000002   PAD
    0x08002b88   0x00000060   Code   RO           27    i.SystemInit        system_stm32f10x.o
    0x08002be8   0x0000001c   Code   RO         3506    i.USART1_IRQHandler  usart.o
    0x08002c04   0x0000004c   Code   RO         3688    i.USART2_IRQHandler  esp8266.o
    0x08002c50   0x00000012   Code   RO         2956    i.USART_ClearFlag   stm32f10x_usart.o
    0x08002c62   0x00000018   Code   RO         2960    i.USART_Cmd         stm32f10x_usart.o
    0x08002c7a   0x0000001a   Code   RO         2963    i.USART_GetFlagStatus  stm32f10x_usart.o
    0x08002c94   0x00000054   Code   RO         2964    i.USART_GetITStatus  stm32f10x_usart.o
    0x08002ce8   0x0000004a   Code   RO         2966    i.USART_ITConfig    stm32f10x_usart.o
    0x08002d32   0x00000002   PAD
    0x08002d34   0x000000d8   Code   RO         2967    i.USART_Init        stm32f10x_usart.o
    0x08002e0c   0x00000008   Code   RO         2977    i.USART_SendData    stm32f10x_usart.o
    0x08002e14   0x00000004   Code   RO         3627    i.UsageFault_Handler  stm32f10x_it.o
    0x08002e18   0x000000b0   Code   RO         3507    i.Usart1_Init       usart.o
    0x08002ec8   0x000000ac   Code   RO         3508    i.Usart2_Init       usart.o
    0x08002f74   0x00000048   Code   RO         3509    i.UsartPrintf       usart.o
    0x08002fbc   0x00000032   Code   RO         3510    i.Usart_SendString  usart.o
    0x08002fee   0x00000002   PAD
    0x08002ff0   0x00000028   Code   RO         4606    i.__0sprintf        mc_w.l(printfa.o)
    0x08003018   0x00000024   Code   RO         4609    i.__0vsnprintf      mc_w.l(printfa.o)
    0x0800303c   0x00000028   Code   RO         4694    i.__ARM_fpclassify  m_ws.l(fpclassify.o)
    0x08003064   0x00000008   Code   RO         4736    i.__aeabi_errno_addr  mc_w.l(errno.o)
    0x0800306c   0x000000aa   Code   RO         4696    i.__kernel_poly     m_ws.l(poly.o)
    0x08003116   0x00000002   PAD
    0x08003118   0x00000010   Code   RO         4680    i.__mathlib_dbl_divzero  m_ws.l(dunder.o)
    0x08003128   0x00000004   Code   RO         4682    i.__mathlib_dbl_infnan2  m_ws.l(dunder.o)
    0x0800312c   0x0000000c   Code   RO         4683    i.__mathlib_dbl_invalid  m_ws.l(dunder.o)
    0x08003138   0x0000000e   Code   RO         4684    i.__mathlib_dbl_overflow  m_ws.l(dunder.o)
    0x08003146   0x00000002   PAD
    0x08003148   0x00000010   Code   RO         4686    i.__mathlib_dbl_underflow  m_ws.l(dunder.o)
    0x08003158   0x0000000e   Code   RO         4792    i.__scatterload_copy  mc_w.l(handlers.o)
    0x08003166   0x00000002   Code   RO         4793    i.__scatterload_null  mc_w.l(handlers.o)
    0x08003168   0x0000000e   Code   RO         4794    i.__scatterload_zeroinit  mc_w.l(handlers.o)
    0x08003176   0x00000002   PAD
    0x08003178   0x0000000c   Code   RO         4738    i.__set_errno       mc_w.l(errno.o)
    0x08003184   0x00000164   Code   RO         4611    i._fp_digits        mc_w.l(printfa.o)
    0x080032e8   0x000006dc   Code   RO         4612    i._printf_core      mc_w.l(printfa.o)
    0x080039c4   0x00000024   Code   RO         4613    i._printf_post_padding  mc_w.l(printfa.o)
    0x080039e8   0x0000002e   Code   RO         4614    i._printf_pre_padding  mc_w.l(printfa.o)
    0x08003a16   0x00000016   Code   RO         4615    i._snputc           mc_w.l(printfa.o)
    0x08003a2c   0x0000000a   Code   RO         4616    i._sputc            mc_w.l(printfa.o)
    0x08003a36   0x00000002   PAD
    0x08003a38   0x00000058   Code   RO         3996    i.cJSON_Delete      cjson.o
    0x08003a90   0x0000000c   Code   RO         4004    i.cJSON_GetErrorPtr  cjson.o
    0x08003a9c   0x0000001e   Code   RO         4005    i.cJSON_GetObjectItem  cjson.o
    0x08003aba   0x00000002   PAD
    0x08003abc   0x00000020   Code   RO         4009    i.cJSON_New_Item    cjson.o
    0x08003adc   0x00000010   Code   RO         4010    i.cJSON_Parse       cjson.o
    0x08003aec   0x00000064   Code   RO         4011    i.cJSON_ParseWithOpts  cjson.o
    0x08003b50   0x0000004c   Code   RO         4017    i.cJSON_strcasecmp  cjson.o
    0x08003b9c   0x00000050   Code   RO         4632    i.free              mc_w.l(malloc.o)
    0x08003bec   0x00000218   Code   RO         3560    i.main              main.o
    0x08003e04   0x0000006c   Code   RO         4633    i.malloc            mc_w.l(malloc.o)
    0x08003e70   0x000000ac   Code   RO         4021    i.parse_array       cjson.o
    0x08003f1c   0x00000114   Code   RO         4022    i.parse_hex4        cjson.o
    0x08004030   0x000001bc   Code   RO         4023    i.parse_number      cjson.o
    0x080041ec   0x00000114   Code   RO         4024    i.parse_object      cjson.o
    0x08004300   0x000001cc   Code   RO         4025    i.parse_string      cjson.o
    0x080044cc   0x000000bc   Code   RO         4026    i.parse_value       cjson.o
    0x08004588   0x000009b8   Code   RO         4339    i.pow               m_ws.l(pow.o)
    0x08004f40   0x00000012   Code   RO         4034    i.skip              cjson.o
    0x08004f52   0x0000004c   Code   RO         4700    i.sqrt              m_ws.l(sqrt.o)
    0x08004f9e   0x000005f0   Data   RO         3318    .constdata          oled.o
    0x0800558e   0x00000008   Data   RO         3562    .constdata          main.o
    0x08005596   0x00000007   Data   RO         4037    .constdata          cjson.o
    0x0800559d   0x00000003   PAD
    0x080055a0   0x00000088   Data   RO         4340    .constdata          m_ws.l(pow.o)
    0x08005628   0x00000008   Data   RO         4698    .constdata          m_ws.l(qnan.o)
    0x08005630   0x00000081   Data   RO         4756    .constdata          mc_w.l(ctype_o.o)
    0x080056b1   0x00000003   PAD
    0x080056b4   0x00000004   Data   RO         4757    .constdata          mc_w.l(ctype_o.o)
    0x080056b8   0x00000008   Data   RO         3563    .conststring        main.o
    0x080056c0   0x00000020   Data   RO         4790    Region$$Table       anon$$obj.o


    Execution Region RW_IRAM1 (Base: 0x20000000, Size: 0x000007f0, Max: 0x00005000, ABSOLUTE)

    Base Addr    Size         Type   Attr      Idx    E Section Name        Object

    0x20000000   0x00000014   Data   RW         1805    .data               stm32f10x_rcc.o
    0x20000014   0x00000004   PAD
    0x20000018   0x00000014   Data   RW         3564    .data               main.o
    0x2000002c   0x00000004   Data   RW         3690    .data               esp8266.o
    0x20000030   0x00000002   Data   RW         3929    .data               onenet.o
    0x20000032   0x00000002   PAD
    0x20000034   0x0000000c   Data   RW         4038    .data               cjson.o
    0x20000040   0x00000004   Data   RW         4734    .data               mc_w.l(mvars.o)
    0x20000044   0x00000004   Data   RW         4735    .data               mc_w.l(mvars.o)
    0x20000048   0x00000004   Data   RW         4739    .data               mc_w.l(errno.o)
    0x2000004c   0x0000011e   Zero   RW         3561    .bss                main.o
    0x2000016a   0x00000080   Zero   RW         3689    .bss                esp8266.o
    0x200001ea   0x00000006   PAD
    0x200001f0   0x00000200   Zero   RW            2    HEAP                startup_stm32f10x_md.o
    0x200003f0   0x00000400   Zero   RW            1    STACK               startup_stm32f10x_md.o


==============================================================================

Image component sizes


      Code (inc. data)   RO Data    RW Data    ZI Data      Debug   Object Name

       196         14          0          0          0       1112   ad.o
       136         22          0          0          0       1881   beep.o
      2188         88          7         12          0      12441   cjson.o
         0          0          0          0          0       4512   core_cm3.o
        70          0          0          0          0        982   delay.o
       358         26          0          0          0       3339   dht11.o
       908        374          0          4        128       5263   esp8266.o
       100         10          0          0          0       1020   key.o
       136         22          0          0          0       1872   led.o
       756        234         16         20        286       3028   main.o
       112         12          0          0          0     213468   misc.o
      2672         26          0          0          0      17472   mqttkit.o
       726         22       1520          0          0       6671   oled.o
      1720        822          0          2          0       7523   onenet.o
        36          8        236          0       1536        836   startup_stm32f10x_md.o
       394         10          0          0          0      18669   stm32f10x_adc.o
       332          0          0          0          0      13165   stm32f10x_gpio.o
        26          0          0          0          0       4054   stm32f10x_it.o
       300         38          0         20          0      13721   stm32f10x_rcc.o
       450          6          0          0          0      12151   stm32f10x_usart.o
       328         28          0          0          0      25137   system_stm32f10x.o
       498         24          0          0          0       4733   usart.o

    ----------------------------------------------------------------------
     12466       1786       1814         64       1956     373050   Object Totals
         0          0         32          0          0          0   (incl. Generated)
        24          0          3          6          6          0   (incl. Padding)

    ----------------------------------------------------------------------

      Code (inc. data)   RO Data    RW Data    ZI Data      Debug   Library Member Name

        62         10          0          0          0        340   dunder.o
        40          0          0          0          0         68   fpclassify.o
       170          0          0          0          0         96   poly.o
      2488        190        136          0          0        300   pow.o
         0          0          8          0          0          0   qnan.o
        76          0          0          0          0         84   sqrt.o
        28          0          0          0          0         68   _chval.o
       158          0          0          0          0         92   _strtoul.o
        26          0          0          0          0         80   atoi.o
         8          4        133          0          0         68   ctype_o.o
         0          0          0          0          0          0   entry.o
         0          0          0          0          0          0   entry10a.o
         0          0          0          0          0          0   entry11a.o
         8          4          0          0          0          0   entry2.o
         4          0          0          0          0          0   entry5.o
         0          0          0          0          0          0   entry7b.o
         0          0          0          0          0          0   entry8b.o
         8          4          0          0          0          0   entry9a.o
        20         10          0          4          0        136   errno.o
        30          0          0          0          0          0   handlers.o
        36          8          0          0          0         68   init.o
         0          0          0          0          0          0   iusefp.o
        30          0          0          0          0         68   llshl.o
        36          0          0          0          0         68   llsshr.o
        32          0          0          0          0         68   llushr.o
       188         20          0          0          0        160   malloc.o
        36          0          0          0          0         68   memcpya.o
        36          0          0          0          0        108   memseta.o
         0          0          0          8          0          0   mvars.o
      2302         90          0          0          0        660   printfa.o
        20          0          0          0          0         68   strchr.o
        14          0          0          0          0         68   strlen.o
        40          0          0          0          0         76   strncat.o
        30          0          0          0          0         80   strncmp.o
        36          0          0          0          0         80   strstr.o
       112          0          0          0          0         88   strtol.o
        12          0          0          0          0         68   tolower.o
        44          0          0          0          0         80   uidiv.o
        98          0          0          0          0         92   uldiv.o
        48          0          0          0          0         68   cdcmple.o
        48          0          0          0          0         68   cdrcmple.o
       334          0          0          0          0        148   dadd.o
       222          0          0          0          0        100   ddiv.o
       186          0          0          0          0        176   depilogue.o
        62          0          0          0          0         80   dfixi.o
        48          0          0          0          0         68   dfixul.o
        34          0          0          0          0         76   dflti.o
        26          0          0          0          0         76   dfltui.o
       228          0          0          0          0         96   dmul.o
        46          0          0          0          0         80   dscalb.o
       162          0          0          0          0        100   dsqrt.o

    ----------------------------------------------------------------------
      7680        340        280         12          0       4436   Library Totals
         8          0          3          0          0          0   (incl. Padding)

    ----------------------------------------------------------------------

      Code (inc. data)   RO Data    RW Data    ZI Data      Debug   Library Name

      2836        200        144          0          0        888   m_ws.l
      3392        140        133         12          0       2412   mc_w.l
      1444          0          0          0          0       1136   mf_w.l

    ----------------------------------------------------------------------
      7680        340        280         12          0       4436   Library Totals

    ----------------------------------------------------------------------

==============================================================================


      Code (inc. data)   RO Data    RW Data    ZI Data      Debug   

     20146       2126       2094         76       1956     369058   Grand Totals
     20146       2126       2094         76       1956     369058   ELF Image Totals
     20146       2126       2094         76          0          0   ROM Totals

==============================================================================

    Total RO  Size (Code + RO Data)                22240 (  21.72kB)
    Total RW  Size (RW Data + ZI Data)              2032 (   1.98kB)
    Total ROM Size (Code + RO Data + RW Data)      22316 (  21.79kB)

==============================================================================

